Archive member included to satisfy reference by file (symbol)

/Users/evanblasband/Documents/MCUXpressoIDE_11.6.0_8187/workspace/lpc_board_ea_devkit_4088/Debug/liblpc_board_ea_devkit_4088.a(board.o)
                              ./example/src/i2c.o (Board_Init)
/Users/evanblasband/Documents/MCUXpressoIDE_11.6.0_8187/workspace/lpc_board_ea_devkit_4088/Debug/liblpc_board_ea_devkit_4088.a(board_sysinit.o)
                              ./example/src/sysinit.o (Board_SystemInit)
/Users/evanblasband/Documents/MCUXpressoIDE_11.6.0_8187/workspace/lpc_board_ea_devkit_4088/Debug/liblpc_board_ea_devkit_4088.a(uda1380.o)
                              /Users/evanblasband/Documents/MCUXpressoIDE_11.6.0_8187/workspace/lpc_board_ea_devkit_4088/Debug/liblpc_board_ea_devkit_4088.a(board.o) (UDA1380_Init)
/Users/evanblasband/Documents/MCUXpressoIDE_11.6.0_8187/workspace/lpc_chip_40xx/Debug/liblpc_chip_40xx.a(chip_17xx_40xx.o)
                              ./example/src/i2c.o (SystemCoreClockUpdate)
/Users/evanblasband/Documents/MCUXpressoIDE_11.6.0_8187/workspace/lpc_chip_40xx/Debug/liblpc_chip_40xx.a(clock_17xx_40xx.o)
                              /Users/evanblasband/Documents/MCUXpressoIDE_11.6.0_8187/workspace/lpc_chip_40xx/Debug/liblpc_chip_40xx.a(chip_17xx_40xx.o) (Chip_Clock_SetupPLL)
/Users/evanblasband/Documents/MCUXpressoIDE_11.6.0_8187/workspace/lpc_chip_40xx/Debug/liblpc_chip_40xx.a(emc_17xx_40xx.o)
                              /Users/evanblasband/Documents/MCUXpressoIDE_11.6.0_8187/workspace/lpc_board_ea_devkit_4088/Debug/liblpc_board_ea_devkit_4088.a(board_sysinit.o) (Chip_EMC_Dynamic_Init)
/Users/evanblasband/Documents/MCUXpressoIDE_11.6.0_8187/workspace/lpc_chip_40xx/Debug/liblpc_chip_40xx.a(fpu_init.o)
                              ./example/src/sysinit.o (fpuInit)
/Users/evanblasband/Documents/MCUXpressoIDE_11.6.0_8187/workspace/lpc_chip_40xx/Debug/liblpc_chip_40xx.a(i2c_17xx_40xx.o)
                              ./example/src/i2c.o (Chip_I2C_EventHandler)
/Users/evanblasband/Documents/MCUXpressoIDE_11.6.0_8187/workspace/lpc_chip_40xx/Debug/liblpc_chip_40xx.a(i2s_17xx_40xx.o)
                              /Users/evanblasband/Documents/MCUXpressoIDE_11.6.0_8187/workspace/lpc_board_ea_devkit_4088/Debug/liblpc_board_ea_devkit_4088.a(board.o) (Chip_I2S_Init)
/Users/evanblasband/Documents/MCUXpressoIDE_11.6.0_8187/workspace/lpc_chip_40xx/Debug/liblpc_chip_40xx.a(iocon_17xx_40xx.o)
                              /Users/evanblasband/Documents/MCUXpressoIDE_11.6.0_8187/workspace/lpc_board_ea_devkit_4088/Debug/liblpc_board_ea_devkit_4088.a(board_sysinit.o) (Chip_IOCON_SetPinMuxing)
/Users/evanblasband/Documents/MCUXpressoIDE_11.6.0_8187/workspace/lpc_chip_40xx/Debug/liblpc_chip_40xx.a(ssp_17xx_40xx.o)
                              /Users/evanblasband/Documents/MCUXpressoIDE_11.6.0_8187/workspace/lpc_board_ea_devkit_4088/Debug/liblpc_board_ea_devkit_4088.a(board.o) (Chip_SSP_WriteFrames_Blocking)
/Users/evanblasband/Documents/MCUXpressoIDE_11.6.0_8187/workspace/lpc_chip_40xx/Debug/liblpc_chip_40xx.a(sysctl_17xx_40xx.o)
                              /Users/evanblasband/Documents/MCUXpressoIDE_11.6.0_8187/workspace/lpc_board_ea_devkit_4088/Debug/liblpc_board_ea_devkit_4088.a(board_sysinit.o) (Chip_SYSCTL_PeriphReset)
/Users/evanblasband/Documents/MCUXpressoIDE_11.6.0_8187/workspace/lpc_chip_40xx/Debug/liblpc_chip_40xx.a(sysinit_17xx_40xx.o)
                              /Users/evanblasband/Documents/MCUXpressoIDE_11.6.0_8187/workspace/lpc_board_ea_devkit_4088/Debug/liblpc_board_ea_devkit_4088.a(board_sysinit.o) (Chip_SetupXtalClocking)
/Users/evanblasband/Documents/MCUXpressoIDE_11.6.0_8187/workspace/lpc_chip_40xx/Debug/liblpc_chip_40xx.a(uart_17xx_40xx.o)
                              /Users/evanblasband/Documents/MCUXpressoIDE_11.6.0_8187/workspace/lpc_board_ea_devkit_4088/Debug/liblpc_board_ea_devkit_4088.a(board.o) (Chip_UART_Init)
/Users/evanblasband/Documents/MCUXpressoIDE_11.6.0_8187/workspace/lpc_chip_40xx/Debug/liblpc_chip_40xx.a(ring_buffer.o)
                              /Users/evanblasband/Documents/MCUXpressoIDE_11.6.0_8187/workspace/lpc_chip_40xx/Debug/liblpc_chip_40xx.a(uart_17xx_40xx.o) (RingBuffer_Insert)
/Applications/MCUXpressoIDE_11.6.0_8187/ide/plugins/com.nxp.mcuxpresso.tools.macosx_11.6.0.202112161359/tools/bin/../lib/gcc/arm-none-eabi/10.3.1/../../../../arm-none-eabi/lib/thumb/v7e-m+fp/softfp/libcr_semihost.a(_cr__main.o)
                              ./example/src/cr_startup_lpc40xx.o (__main)
/Applications/MCUXpressoIDE_11.6.0_8187/ide/plugins/com.nxp.mcuxpresso.tools.macosx_11.6.0.202112161359/tools/bin/../lib/gcc/arm-none-eabi/10.3.1/../../../../arm-none-eabi/lib/thumb/v7e-m+fp/softfp/libcr_c.a(memcpy.o)
                              ./example/src/i2c.o (memcpy)
/Applications/MCUXpressoIDE_11.6.0_8187/ide/plugins/com.nxp.mcuxpresso.tools.macosx_11.6.0.202112161359/tools/bin/../lib/gcc/arm-none-eabi/10.3.1/../../../../arm-none-eabi/lib/thumb/v7e-m+fp/softfp/libcr_c.a(fpprintf.o)
[...]
Memory Configuration

Name             Origin             Length             Attributes
MFlash512        0x0000000000000000 0x0000000000080000 xr
RamLoc64         0x0000000010000000 0x0000000000010000 xrw
RamPeriph32      0x0000000020000000 0x0000000000008000 xrw
*default*        0x0000000000000000 0xffffffffffffffff

Linker script and memory map

LOAD ./example/src/cr_startup_lpc40xx.o
LOAD ./example/src/i2c.o
LOAD ./example/src/sysinit.o
LOAD /Users/evanblasband/Documents/MCUXpressoIDE_11.6.0_8187/workspace/lpc_board_ea_devkit_4088/Debug/liblpc_board_ea_devkit_4088.a
LOAD /Users/evanblasband/Documents/MCUXpressoIDE_11.6.0_8187/workspace/lpc_chip_40xx/Debug/liblpc_chip_40xx.a
START GROUP
LOAD /Applications/MCUXpressoIDE_11.6.0_8187/ide/plugins/com.nxp.mcuxpresso.tools.macosx_11.6.0.202112161359/tools/bin/../lib/gcc/arm-none-eabi/10.3.1/../../../../arm-none-eabi/lib/thumb/v7e-m+fp/softfp/libcr_semihost.a
LOAD /Applications/MCUXpressoIDE_11.6.0_8187/ide/plugins/com.nxp.mcuxpresso.tools.macosx_11.6.0.202112161359/tools/bin/../lib/gcc/arm-none-eabi/10.3.1/../../../../arm-none-eabi/lib/thumb/v7e-m+fp/softfp/libcr_c.a
LOAD /Applications/MCUXpressoIDE_11.6.0_8187/ide/plugins/com.nxp.mcuxpresso.tools.macosx_11.6.0.202112161359/tools/bin/../lib/gcc/arm-none-eabi/10.3.1/thumb/v7e-m+fp/softfp/libcr_eabihelpers.a
LOAD /Applications/MCUXpressoIDE_11.6.0_8187/ide/plugins/com.nxp.mcuxpresso.tools.macosx_11.6.0.202112161359/tools/bin/../lib/gcc/arm-none-eabi/10.3.1/thumb/v7e-m+fp/softfp/libgcc.a
END GROUP
                0x0000000000000000                __base_MFlash512 = 0x0
                0x0000000000000000                __base_Flash = 0x0
                0x0000000000080000                __top_MFlash512 = 0x80000
                0x0000000000080000                __top_Flash = 0x80000
                0x0000000010000000                __base_RamLoc64 = 0x10000000
                0x0000000010000000                __base_RAM = 0x10000000
                0x0000000010010000                __top_RamLoc64 = 0x10010000
                0x0000000010010000                __top_RAM = 0x10010000
                0x0000000020000000                __base_RamPeriph32 = 0x20000000
                0x0000000020000000                __base_RAM2 = 0x20000000
                0x0000000020008000                __top_RamPeriph32 = 0x20008000
                0x0000000020008000                __top_RAM2 = 0x20008000

.text           0x0000000000000000     0x4a1c
 FILL mask 0xff
                0x0000000000000000                __vectors_start__ = ABSOLUTE (.)
 *(.isr_vector)
 .isr_vector    0x0000000000000000       0xe4 ./example/src/cr_startup_lpc40xx.o
                0x0000000000000000                g_pfnVectors
                0x00000000000000e4                . = ALIGN (0x4)
                0x00000000000000e4                __section_table_start = .
                0x00000000000000e4                __data_section_table = .
                0x00000000000000e4        0x4 LONG 0x4a1c LOADADDR (.data)
                0x00000000000000e8        0x4 LONG 0x10000000 ADDR (.data)
                0x00000000000000ec        0x4 LONG 0x54 SIZEOF (.data)
                0x00000000000000f0        0x4 LONG 0x4a1c LOADADDR (.data_RAM2)
                0x00000000000000f4        0x4 LONG 0x20000000 ADDR (.data_RAM2)
                0x00000000000000f8        0x4 LONG 0x0 SIZEOF (.data_RAM2)
                0x00000000000000fc                __data_section_table_end = .
                0x00000000000000fc                __bss_section_table = .
                0x00000000000000fc        0x4 LONG 0x10000054 ADDR (.bss)
                0x0000000000000100        0x4 LONG 0x688 SIZEOF (.bss)
                0x0000000000000104        0x4 LONG 0x20000000 ADDR (.bss_RAM2)
                0x0000000000000108        0x4 LONG 0x0 SIZEOF (.bss_RAM2)
                0x000000000000010c                __bss_section_table_end = .
                0x000000000000010c                __section_table_end = .
 *(.after_vectors*)
 .after_vectors
                0x000000000000010c      0x158 ./example/src/cr_startup_lpc40xx.o
                0x000000000000010c                data_init
                0x0000000000000152                bss_init
                0x000000000000018c                ResetISR
                0x0000000000000224                NMI_Handler
                0x000000000000022a                HardFault_Handler
                0x0000000000000230                MemManage_Handler
                0x0000000000000236                BusFault_Handler
                0x000000000000023c                UsageFault_Handler
                0x0000000000000242                SVC_Handler
                0x0000000000000248                DebugMon_Handler
                0x000000000000024e                PendSV_Handler
                0x000000000000025a                UART0_IRQHandler
                0x000000000000025a                IntDefaultHandler
                0x000000000000025a                PLL0_IRQHandler
                0x000000000000025a                CAN_IRQHandler
                0x000000000000025a                PLL1_IRQHandler
                0x000000000000025a                SSP0_IRQHandler
                0x000000000000025a                I2S_IRQHandler
                0x000000000000025a                I2C2_IRQHandler
                0x000000000000025a                RTC_IRQHandler
                0x000000000000025a                TIMER0_IRQHandler
                0x000000000000025a                SPI_IRQHandler
                0x000000000000025a                LCD_IRQHandler
                0x000000000000025a                EINT1_IRQHandler
                0x000000000000025a                TIMER1_IRQHandler
                0x000000000000025a                UART2_IRQHandler
                0x000000000000025a                UART4_IRQHandler
                0x000000000000025a                ADC_IRQHandler
                0x000000000000025a                SSP1_IRQHandler
                0x000000000000025a                USB_IRQHandler
                0x000000000000025a                BOD_IRQHandler
                0x000000000000025a                WDT_IRQHandler
                0x000000000000025a                QEI_IRQHandler
                0x000000000000025a                EINT0_IRQHandler
                0x000000000000025a                ETH_IRQHandler
                0x000000000000025a                PWM0_IRQHandler
                0x000000000000025a                SSP2_IRQHandler
                0x000000000000025a                EEPROM_IRQHandler
                0x000000000000025a                DMA_IRQHandler
                0x000000000000025a                UART3_IRQHandler
                0x000000000000025a                GPIO_IRQHandler
                0x000000000000025a                MCPWM_IRQHandler
                0x000000000000025a                TIMER2_IRQHandler
                0x000000000000025a                RIT_IRQHandler
                0x000000000000025a                USBActivity_IRQHandler
                0x000000000000025a                PWM1_IRQHandler
                0x000000000000025a                SDIO_IRQHandler
                0x000000000000025a                EINT2_IRQHandler
                0x000000000000025a                UART1_IRQHandler
                0x000000000000025a                EINT3_IRQHandler
                0x000000000000025a                CANActivity_IRQHandler
                0x000000000000025a                TIMER3_IRQHandler
 *(.text*)
 .text.NVIC_EnableIRQ
                0x0000000000000264       0x34 ./example/src/i2c.o
 .text.NVIC_DisableIRQ
                0x0000000000000298       0x34 ./example/src/i2c.o
 .text.i2c_state_handling
                0x00000000000002cc       0x32 ./example/src/i2c.o
 *fill*         0x00000000000002fe        0x2 ff
 .text.i2c_set_mode
                0x0000000000000300       0x84 ./example/src/i2c.o
 .text.i2c_app_init
                0x0000000000000384       0x3a ./example/src/i2c.o
 *fill*         0x00000000000003be        0x2 ff
 .text.i2c_read_setup
                0x00000000000003c0       0x44 ./example/src/i2c.o
 .text.SysTick_Handler
                0x0000000000000404        0xe ./example/src/i2c.o
                0x0000000000000404                SysTick_Handler
 .text.I2C1_IRQHandler
                0x0000000000000412        0xe ./example/src/i2c.o
                0x0000000000000412                I2C1_IRQHandler
 .text.I2C0_IRQHandler
                0x0000000000000420        0xe ./example/src/i2c.o
                0x0000000000000420                I2C0_IRQHandler
 *fill*         0x000000000000042e        0x2 ff
 .text.main     0x0000000000000430       0xbc ./example/src/i2c.o
                0x0000000000000430                main
 .text.SystemInit
                0x00000000000004ec       0x28 ./example/src/sysinit.o
                0x00000000000004ec                SystemInit
 .text.Chip_IOCON_Init
                0x0000000000000514       0x16 /Users/evanblasband/Documents/MCUXpressoIDE_11.6.0_8187/workspace/lpc_board_ea_devkit_4088/Debug/liblpc_board_ea_devkit_4088.a(board.o)
 .text.Chip_IOCON_PinMuxSet
                0x000000000000052a       0x2e /Users/evanblasband/Documents/MCUXpressoIDE_11.6.0_8187/workspace/lpc_board_ea_devkit_4088/Debug/liblpc_board_ea_devkit_4088.a(board.o)
 .text.Chip_GPIO_Init
                0x0000000000000558       0x16 /Users/evanblasband/Documents/MCUXpressoIDE_11.6.0_8187/workspace/lpc_board_ea_devkit_4088/Debug/liblpc_board_ea_devkit_4088.a(board.o)
 .text.Chip_GPIO_SetPinState
                0x000000000000056e       0x66 /Users/evanblasband/Documents/MCUXpressoIDE_11.6.0_8187/workspace/lpc_board_ea_devkit_4088/Debug/liblpc_board_ea_devkit_4088.a(board.o)
 .text.Chip_GPIO_WritePortBit
                0x00000000000005d4       0x2c /Users/evanblasband/Documents/MCUXpressoIDE_11.6.0_8187/workspace/lpc_board_ea_devkit_4088/Debug/liblpc_board_ea_devkit_4088.a(board.o)
 .text.Chip_GPIO_SetPinDIROutput
                0x0000000000000600       0x38 /Users/evanblasband/Documents/MCUXpressoIDE_11.6.0_8187/workspace/lpc_board_ea_devkit_4088/Debug/liblpc_board_ea_devkit_4088.a(board.o)
 .text.Chip_GPIO_SetPinDIRInput
                0x0000000000000638       0x3c /Users/evanblasband/Documents/MCUXpressoIDE_11.6.0_8187/workspace/lpc_board_ea_devkit_4088/Debug/liblpc_board_ea_devkit_4088.a(board.o)
 .text.Chip_GPIO_SetPinDIR
                0x0000000000000674       0x42 /Users/evanblasband/Documents/MCUXpressoIDE_11.6.0_8187/workspace/lpc_board_ea_devkit_4088/Debug/liblpc_board_ea_devkit_4088.a(board.o)
 .text.Chip_GPIO_WriteDirBit
                0x00000000000006b6       0x2e /Users/evanblasband/Documents/MCUXpressoIDE_11.6.0_8187/workspace/lpc_board_ea_devkit_4088/Debug/liblpc_board_ea_devkit_4088.a(board.o)
 .text.Board_LED_Init
                0x00000000000006e4       0x50 /Users/evanblasband/Documents/MCUXpressoIDE_11.6.0_8187/workspace/lpc_board_ea_devkit_4088/Debug/liblpc_board_ea_devkit_4088.a(board.o)
 .text.Board_Init
                0x0000000000000734       0x20 /Users/evanblasband/Documents/MCUXpressoIDE_11.6.0_8187/workspace/lpc_board_ea_devkit_4088/Debug/liblpc_board_ea_devkit_4088.a(board.o)
                0x0000000000000734                Board_Init
 .text.Board_I2C_Init
                0x0000000000000754       0x80 /Users/evanblasband/Documents/MCUXpressoIDE_11.6.0_8187/workspace/lpc_board_ea_devkit_4088/Debug/liblpc_board_ea_devkit_4088.a(board.o)
                0x0000000000000754                Board_I2C_Init
 .text.Chip_SYSCTL_EnableBoost
                0x00000000000007d4       0x1c /Users/evanblasband/Documents/MCUXpressoIDE_11.6.0_8187/workspace/lpc_board_ea_devkit_4088/Debug/liblpc_board_ea_devkit_4088.a(board_sysinit.o)
 .text.Chip_Clock_SetEMCClockDiv
                0x00000000000007f0       0x24 /Users/evanblasband/Documents/MCUXpressoIDE_11.6.0_8187/workspace/lpc_board_ea_devkit_4088/Debug/liblpc_board_ea_devkit_4088.a(board_sysinit.o)
 .text.Chip_IOCON_PinMuxSet
                0x0000000000000814       0x2e /Users/evanblasband/Documents/MCUXpressoIDE_11.6.0_8187/workspace/lpc_board_ea_devkit_4088/Debug/liblpc_board_ea_devkit_4088.a(board_sysinit.o)
 *fill*         0x0000000000000842        0x2 ff
 .text.Board_SetupMuxing
                0x0000000000000844       0x84 /Users/evanblasband/Documents/MCUXpressoIDE_11.6.0_8187/workspace/lpc_board_ea_devkit_4088/Debug/liblpc_board_ea_devkit_4088.a(board_sysinit.o)
                0x0000000000000844                Board_SetupMuxing
 .text.Board_SetupClocking
                0x00000000000008c8       0x1c /Users/evanblasband/Documents/MCUXpressoIDE_11.6.0_8187/workspace/lpc_board_ea_devkit_4088/Debug/liblpc_board_ea_devkit_4088.a(board_sysinit.o)
                0x00000000000008c8                Board_SetupClocking
 .text.Board_SetupExtMemory
                0x00000000000008e4       0x5c /Users/evanblasband/Documents/MCUXpressoIDE_11.6.0_8187/workspace/lpc_board_ea_devkit_4088/Debug/liblpc_board_ea_devkit_4088.a(board_sysinit.o)
                0x00000000000008e4                Board_SetupExtMemory
 .text.Board_SystemInit
                0x0000000000000940       0x14 /Users/evanblasband/Documents/MCUXpressoIDE_11.6.0_8187/workspace/lpc_board_ea_devkit_4088/Debug/liblpc_board_ea_devkit_4088.a(board_sysinit.o)
                0x0000000000000940                Board_SystemInit
 .text.SystemCoreClockUpdate
                0x0000000000000954       0x18 /Users/evanblasband/Documents/MCUXpressoIDE_11.6.0_8187/workspace/lpc_chip_40xx/Debug/liblpc_chip_40xx.a(chip_17xx_40xx.o)
                0x0000000000000954                SystemCoreClockUpdate
 .text.Chip_Clock_IsMainPLLEnabled
                0x000000000000096c       0x28 /Users/evanblasband/Documents/MCUXpressoIDE_11.6.0_8187/workspace/lpc_chip_40xx/Debug/liblpc_chip_40xx.a(clock_17xx_40xx.o)
 .text.Chip_Clock_FeedPLL
                0x0000000000000994       0x38 /Users/evanblasband/Documents/MCUXpressoIDE_11.6.0_8187/workspace/lpc_chip_40xx/Debug/liblpc_chip_40xx.a(clock_17xx_40xx.o)
 .text.Chip_Clock_GetMainPLLSource
                0x00000000000009cc       0x20 /Users/evanblasband/Documents/MCUXpressoIDE_11.6.0_8187/workspace/lpc_chip_40xx/Debug/liblpc_chip_40xx.a(clock_17xx_40xx.o)
 .text.Chip_Clock_GetPCLKDiv
                0x00000000000009ec       0x1c /Users/evanblasband/Documents/MCUXpressoIDE_11.6.0_8187/workspace/lpc_chip_40xx/Debug/liblpc_chip_40xx.a(clock_17xx_40xx.o)
 .text.Chip_Clock_GetMainOscRate
                0x0000000000000a08       0x18 /Users/evanblasband/Documents/MCUXpressoIDE_11.6.0_8187/workspace/lpc_chip_40xx/Debug/liblpc_chip_40xx.a(clock_17xx_40xx.o)
 .text.Chip_Clock_GetIntOscRate
                0x0000000000000a20       0x14 /Users/evanblasband/Documents/MCUXpressoIDE_11.6.0_8187/workspace/lpc_chip_40xx/Debug/liblpc_chip_40xx.a(clock_17xx_40xx.o)
 .text.Chip_Clock_GetMainPLLInClockRate
                0x0000000000000a34        0xe /Users/evanblasband/Documents/MCUXpressoIDE_11.6.0_8187/workspace/lpc_chip_40xx/Debug/liblpc_chip_40xx.a(clock_17xx_40xx.o)
 *fill*         0x0000000000000a42        0x2 ff
 .text.Chip_Clock_EnablePLL
                0x0000000000000a44       0x44 /Users/evanblasband/Documents/MCUXpressoIDE_11.6.0_8187/workspace/lpc_chip_40xx/Debug/liblpc_chip_40xx.a(clock_17xx_40xx.o)
                0x0000000000000a44                Chip_Clock_EnablePLL
 .text.Chip_Clock_DisablePLL
                0x0000000000000a88       0x48 /Users/evanblasband/Documents/MCUXpressoIDE_11.6.0_8187/workspace/lpc_chip_40xx/Debug/liblpc_chip_40xx.a(clock_17xx_40xx.o)
                0x0000000000000a88                Chip_Clock_DisablePLL
 .text.Chip_Clock_SetupPLL
                0x0000000000000ad0       0x4c /Users/evanblasband/Documents/MCUXpressoIDE_11.6.0_8187/workspace/lpc_chip_40xx/Debug/liblpc_chip_40xx.a(clock_17xx_40xx.o)
                0x0000000000000ad0                Chip_Clock_SetupPLL
 .text.Chip_Clock_EnablePeriphClock
                0x0000000000000b1c       0x58 /Users/evanblasband/Documents/MCUXpressoIDE_11.6.0_8187/workspace/lpc_chip_40xx/Debug/liblpc_chip_40xx.a(clock_17xx_40xx.o)
                0x0000000000000b1c                Chip_Clock_EnablePeriphClock
 .text.Chip_Clock_DisablePeriphClock
                0x0000000000000b74       0x5c /Users/evanblasband/Documents/MCUXpressoIDE_11.6.0_8187/workspace/lpc_chip_40xx/Debug/liblpc_chip_40xx.a(clock_17xx_40xx.o)
                0x0000000000000b74                Chip_Clock_DisablePeriphClock
 .text.Chip_Clock_SetCPUClockSource
                0x0000000000000bd0       0x44 /Users/evanblasband/Documents/MCUXpressoIDE_11.6.0_8187/workspace/lpc_chip_40xx/Debug/liblpc_chip_40xx.a(clock_17xx_40xx.o)
                0x0000000000000bd0                Chip_Clock_SetCPUClockSource
 .text.Chip_Clock_GetCPUClockSource
                0x0000000000000c14       0x30 /Users/evanblasband/Documents/MCUXpressoIDE_11.6.0_8187/workspace/lpc_chip_40xx/Debug/liblpc_chip_40xx.a(clock_17xx_40xx.o)
                0x0000000000000c14                Chip_Clock_GetCPUClockSource
 .text.Chip_Clock_SetCPUClockDiv
                0x0000000000000c44       0x30 /Users/evanblasband/Documents/MCUXpressoIDE_11.6.0_8187/workspace/lpc_chip_40xx/Debug/liblpc_chip_40xx.a(clock_17xx_40xx.o)
                0x0000000000000c44                Chip_Clock_SetCPUClockDiv
 .text.Chip_Clock_GetCPUClockDiv
                0x0000000000000c74       0x1c /Users/evanblasband/Documents/MCUXpressoIDE_11.6.0_8187/workspace/lpc_chip_40xx/Debug/liblpc_chip_40xx.a(clock_17xx_40xx.o)
                0x0000000000000c74                Chip_Clock_GetCPUClockDiv
 .text.Chip_Clock_GetSYSCLKRate
                0x0000000000000c90       0x2a /Users/evanblasband/Documents/MCUXpressoIDE_11.6.0_8187/workspace/lpc_chip_40xx/Debug/liblpc_chip_40xx.a(clock_17xx_40xx.o)
                0x0000000000000c90                Chip_Clock_GetSYSCLKRate
 *fill*         0x0000000000000cba        0x2 ff
 .text.Chip_Clock_GetMainPLLOutClockRate
                0x0000000000000cbc       0x40 /Users/evanblasband/Documents/MCUXpressoIDE_11.6.0_8187/workspace/lpc_chip_40xx/Debug/liblpc_chip_40xx.a(clock_17xx_40xx.o)
                0x0000000000000cbc                Chip_Clock_GetMainPLLOutClockRate
 .text.Chip_Clock_GetMainClockRate
                0x0000000000000cfc       0x28 /Users/evanblasband/Documents/MCUXpressoIDE_11.6.0_8187/workspace/lpc_chip_40xx/Debug/liblpc_chip_40xx.a(clock_17xx_40xx.o)
                0x0000000000000cfc                Chip_Clock_GetMainClockRate
 .text.Chip_Clock_GetSystemClockRate
                0x0000000000000d24       0x18 /Users/evanblasband/Documents/MCUXpressoIDE_11.6.0_8187/workspace/lpc_chip_40xx/Debug/liblpc_chip_40xx.a(clock_17xx_40xx.o)
                0x0000000000000d24                Chip_Clock_GetSystemClockRate
 .text.Chip_Clock_SetSPIFIClockSource
                0x0000000000000d3c       0x34 /Users/evanblasband/Documents/MCUXpressoIDE_11.6.0_8187/workspace/lpc_chip_40xx/Debug/liblpc_chip_40xx.a(clock_17xx_40xx.o)
                0x0000000000000d3c                Chip_Clock_SetSPIFIClockSource
 .text.Chip_Clock_SetSPIFIClockDiv
                0x0000000000000d70       0x30 /Users/evanblasband/Documents/MCUXpressoIDE_11.6.0_8187/workspace/lpc_chip_40xx/Debug/liblpc_chip_40xx.a(clock_17xx_40xx.o)
                0x0000000000000d70                Chip_Clock_SetSPIFIClockDiv
 .text.Chip_Clock_GetPeripheralClockRate
                0x0000000000000da0       0x2e /Users/evanblasband/Documents/MCUXpressoIDE_11.6.0_8187/workspace/lpc_chip_40xx/Debug/liblpc_chip_40xx.a(clock_17xx_40xx.o)
                0x0000000000000da0                Chip_Clock_GetPeripheralClockRate
 *fill*         0x0000000000000dce        0x2 ff
 .text.Chip_Clock_GetEMCClockDiv
                0x0000000000000dd0       0x1c /Users/evanblasband/Documents/MCUXpressoIDE_11.6.0_8187/workspace/lpc_chip_40xx/Debug/liblpc_chip_40xx.a(emc_17xx_40xx.o)
 .text.Chip_Clock_GetEMCClockRate
                0x0000000000000dec       0x18 /Users/evanblasband/Documents/MCUXpressoIDE_11.6.0_8187/workspace/lpc_chip_40xx/Debug/liblpc_chip_40xx.a(emc_17xx_40xx.o)
 .text.convertTimmingParam
                0x0000000000000e04       0x6c /Users/evanblasband/Documents/MCUXpressoIDE_11.6.0_8187/workspace/lpc_chip_40xx/Debug/liblpc_chip_40xx.a(emc_17xx_40xx.o)
 .text.getColsLen
                0x0000000000000e70       0x4e /Users/evanblasband/Documents/MCUXpressoIDE_11.6.0_8187/workspace/lpc_chip_40xx/Debug/liblpc_chip_40xx.a(emc_17xx_40xx.o)
 .text.initDynMem
                0x0000000000000ebe      0x292 /Users/evanblasband/Documents/MCUXpressoIDE_11.6.0_8187/workspace/lpc_chip_40xx/Debug/liblpc_chip_40xx.a(emc_17xx_40xx.o)
                0x0000000000000ebe                initDynMem
 .text.initStaticMem
                0x0000000000001150       0xb0 /Users/evanblasband/Documents/MCUXpressoIDE_11.6.0_8187/workspace/lpc_chip_40xx/Debug/liblpc_chip_40xx.a(emc_17xx_40xx.o)
                0x0000000000001150                initStaticMem
 .text.Chip_EMC_Dynamic_Init
                0x0000000000001200       0x24 /Users/evanblasband/Documents/MCUXpressoIDE_11.6.0_8187/workspace/lpc_chip_40xx/Debug/liblpc_chip_40xx.a(emc_17xx_40xx.o)
                0x0000000000001200                Chip_EMC_Dynamic_Init
 .text.Chip_EMC_Static_Init
                0x0000000000001224       0x24 /Users/evanblasband/Documents/MCUXpressoIDE_11.6.0_8187/workspace/lpc_chip_40xx/Debug/liblpc_chip_40xx.a(emc_17xx_40xx.o)
                0x0000000000001224                Chip_EMC_Static_Init
 .text.Chip_EMC_Init
                0x0000000000001248       0x50 /Users/evanblasband/Documents/MCUXpressoIDE_11.6.0_8187/workspace/lpc_chip_40xx/Debug/liblpc_chip_40xx.a(emc_17xx_40xx.o)
                0x0000000000001248                Chip_EMC_Init
 .text.fpuInit  0x0000000000001298       0x74 /Users/evanblasband/Documents/MCUXpressoIDE_11.6.0_8187/workspace/lpc_chip_40xx/Debug/liblpc_chip_40xx.a(fpu_init.o)
                0x0000000000001298                fpuInit
 .text.enableClk
                0x000000000000130c       0x30 /Users/evanblasband/Documents/MCUXpressoIDE_11.6.0_8187/workspace/lpc_chip_40xx/Debug/liblpc_chip_40xx.a(i2c_17xx_40xx.o)
 .text.disableClk
                0x000000000000133c       0x30 /Users/evanblasband/Documents/MCUXpressoIDE_11.6.0_8187/workspace/lpc_chip_40xx/Debug/liblpc_chip_40xx.a(i2c_17xx_40xx.o)
 .text.getClkRate
                0x000000000000136c       0x18 /Users/evanblasband/Documents/MCUXpressoIDE_11.6.0_8187/workspace/lpc_chip_40xx/Debug/liblpc_chip_40xx.a(i2c_17xx_40xx.o)
 .text.startMasterXfer
                0x0000000000001384       0x20 /Users/evanblasband/Documents/MCUXpressoIDE_11.6.0_8187/workspace/lpc_chip_40xx/Debug/liblpc_chip_40xx.a(i2c_17xx_40xx.o)
 .text.startSlaverXfer
                0x00000000000013a4       0x20 /Users/evanblasband/Documents/MCUXpressoIDE_11.6.0_8187/workspace/lpc_chip_40xx/Debug/liblpc_chip_40xx.a(i2c_17xx_40xx.o)
 .text.isI2CBusFree
                0x00000000000013c4       0x26 /Users/evanblasband/Documents/MCUXpressoIDE_11.6.0_8187/workspace/lpc_chip_40xx/Debug/liblpc_chip_40xx.a(i2c_17xx_40xx.o)
 .text.getCurState
                0x00000000000013ea       0x1c /Users/evanblasband/Documents/MCUXpressoIDE_11.6.0_8187/workspace/lpc_chip_40xx/Debug/liblpc_chip_40xx.a(i2c_17xx_40xx.o)
 .text.isMasterState
                0x0000000000001406       0x22 /Users/evanblasband/Documents/MCUXpressoIDE_11.6.0_8187/workspace/lpc_chip_40xx/Debug/liblpc_chip_40xx.a(i2c_17xx_40xx.o)
 .text.isSlaveAddrMatching
                0x0000000000001428       0x40 /Users/evanblasband/Documents/MCUXpressoIDE_11.6.0_8187/workspace/lpc_chip_40xx/Debug/liblpc_chip_40xx.a(i2c_17xx_40xx.o)
 .text.lookupSlaveIndex
                0x0000000000001468       0x9c /Users/evanblasband/Documents/MCUXpressoIDE_11.6.0_8187/workspace/lpc_chip_40xx/Debug/liblpc_chip_40xx.a(i2c_17xx_40xx.o)
 .text.handleMasterXferState
                0x0000000000001504      0x284 /Users/evanblasband/Documents/MCUXpressoIDE_11.6.0_8187/workspace/lpc_chip_40xx/Debug/liblpc_chip_40xx.a(i2c_17xx_40xx.o)
                0x0000000000001504                handleMasterXferState
 .text.getSlaveIndex
                0x0000000000001788       0xb0 /Users/evanblasband/Documents/MCUXpressoIDE_11.6.0_8187/workspace/lpc_chip_40xx/Debug/liblpc_chip_40xx.a(i2c_17xx_40xx.o)
                0x0000000000001788                getSlaveIndex
 .text.handleSlaveXferState
                0x0000000000001838      0x2b8 /Users/evanblasband/Documents/MCUXpressoIDE_11.6.0_8187/workspace/lpc_chip_40xx/Debug/liblpc_chip_40xx.a(i2c_17xx_40xx.o)
                0x0000000000001838                handleSlaveXferState
 .text.Chip_I2C_EventHandler
                0x0000000000001af0       0x4c /Users/evanblasband/Documents/MCUXpressoIDE_11.6.0_8187/workspace/lpc_chip_40xx/Debug/liblpc_chip_40xx.a(i2c_17xx_40xx.o)
                0x0000000000001af0                Chip_I2C_EventHandler
 .text.Chip_I2C_EventHandlerPolling
                0x0000000000001b3c       0x60 /Users/evanblasband/Documents/MCUXpressoIDE_11.6.0_8187/workspace/lpc_chip_40xx/Debug/liblpc_chip_40xx.a(i2c_17xx_40xx.o)
                0x0000000000001b3c                Chip_I2C_EventHandlerPolling
 .text.Chip_I2C_Init
                0x0000000000001b9c       0x34 /Users/evanblasband/Documents/MCUXpressoIDE_11.6.0_8187/workspace/lpc_chip_40xx/Debug/liblpc_chip_40xx.a(i2c_17xx_40xx.o)
                0x0000000000001b9c                Chip_I2C_Init
 .text.Chip_I2C_DeInit
                0x0000000000001bd0       0x34 /Users/evanblasband/Documents/MCUXpressoIDE_11.6.0_8187/workspace/lpc_chip_40xx/Debug/liblpc_chip_40xx.a(i2c_17xx_40xx.o)
                0x0000000000001bd0                Chip_I2C_DeInit
 .text.Chip_I2C_SetClockRate
                0x0000000000001c04       0x68 /Users/evanblasband/Documents/MCUXpressoIDE_11.6.0_8187/workspace/lpc_chip_40xx/Debug/liblpc_chip_40xx.a(i2c_17xx_40xx.o)
                0x0000000000001c04                Chip_I2C_SetClockRate
 .text.Chip_I2C_SetMasterEventHandler
                0x0000000000001c6c       0x4c /Users/evanblasband/Documents/MCUXpressoIDE_11.6.0_8187/workspace/lpc_chip_40xx/Debug/liblpc_chip_40xx.a(i2c_17xx_40xx.o)
                0x0000000000001c6c                Chip_I2C_SetMasterEventHandler
 .text.Chip_I2C_MasterTransfer
                0x0000000000001cb8       0x9c /Users/evanblasband/Documents/MCUXpressoIDE_11.6.0_8187/workspace/lpc_chip_40xx/Debug/liblpc_chip_40xx.a(i2c_17xx_40xx.o)
                0x0000000000001cb8                Chip_I2C_MasterTransfer
 .text.Chip_I2C_MasterRead
                0x0000000000001d54       0x54 /Users/evanblasband/Documents/MCUXpressoIDE_11.6.0_8187/workspace/lpc_chip_40xx/Debug/liblpc_chip_40xx.a(i2c_17xx_40xx.o)
                0x0000000000001d54                Chip_I2C_MasterRead
 .text.Chip_I2C_IsMasterActive
                0x0000000000001da8       0x30 /Users/evanblasband/Documents/MCUXpressoIDE_11.6.0_8187/workspace/lpc_chip_40xx/Debug/liblpc_chip_40xx.a(i2c_17xx_40xx.o)
                0x0000000000001da8                Chip_I2C_IsMasterActive
 .text.Chip_I2C_MasterStateHandler
                0x0000000000001dd8       0x60 /Users/evanblasband/Documents/MCUXpressoIDE_11.6.0_8187/workspace/lpc_chip_40xx/Debug/liblpc_chip_40xx.a(i2c_17xx_40xx.o)
                0x0000000000001dd8                Chip_I2C_MasterStateHandler
 .text.Chip_I2C_SlaveStateHandler
                0x0000000000001e38       0xc0 /Users/evanblasband/Documents/MCUXpressoIDE_11.6.0_8187/workspace/lpc_chip_40xx/Debug/liblpc_chip_40xx.a(i2c_17xx_40xx.o)
                0x0000000000001e38                Chip_I2C_SlaveStateHandler
 .text.Chip_I2C_IsStateChanged
                0x0000000000001ef8       0x3c /Users/evanblasband/Documents/MCUXpressoIDE_11.6.0_8187/workspace/lpc_chip_40xx/Debug/liblpc_chip_40xx.a(i2c_17xx_40xx.o)
                0x0000000000001ef8                Chip_I2C_IsStateChanged
 .text.Chip_IOCON_PinMuxSet
                0x0000000000001f34       0x2e /Users/evanblasband/Documents/MCUXpressoIDE_11.6.0_8187/workspace/lpc_chip_40xx/Debug/liblpc_chip_40xx.a(iocon_17xx_40xx.o)
 .text.Chip_IOCON_SetPinMuxing
                0x0000000000001f62       0x64 /Users/evanblasband/Documents/MCUXpressoIDE_11.6.0_8187/workspace/lpc_chip_40xx/Debug/liblpc_chip_40xx.a(iocon_17xx_40xx.o)
                0x0000000000001f62                Chip_IOCON_SetPinMuxing
 *fill*         0x0000000000001fc6        0x2 ff
 .text.Chip_SYSCTL_PeriphReset
                0x0000000000001fc8       0x68 /Users/evanblasband/Documents/MCUXpressoIDE_11.6.0_8187/workspace/lpc_chip_40xx/Debug/liblpc_chip_40xx.a(sysctl_17xx_40xx.o)
                0x0000000000001fc8                Chip_SYSCTL_PeriphReset
 .text.Chip_Clock_IsMainPLLEnabled
                0x0000000000002030       0x28 /Users/evanblasband/Documents/MCUXpressoIDE_11.6.0_8187/workspace/lpc_chip_40xx/Debug/liblpc_chip_40xx.a(sysinit_17xx_40xx.o)
 .text.Chip_Clock_IsMainPLLLocked
                0x0000000000002058       0x28 /Users/evanblasband/Documents/MCUXpressoIDE_11.6.0_8187/workspace/lpc_chip_40xx/Debug/liblpc_chip_40xx.a(sysinit_17xx_40xx.o)
 .text.Chip_Clock_EnableCrystal
                0x0000000000002080       0x24 /Users/evanblasband/Documents/MCUXpressoIDE_11.6.0_8187/workspace/lpc_chip_40xx/Debug/liblpc_chip_40xx.a(sysinit_17xx_40xx.o)
 .text.Chip_Clock_IsCrystalEnabled
                0x00000000000020a4       0x28 /Users/evanblasband/Documents/MCUXpressoIDE_11.6.0_8187/workspace/lpc_chip_40xx/Debug/liblpc_chip_40xx.a(sysinit_17xx_40xx.o)
 .text.Chip_Clock_SetMainPLLSource
                0x00000000000020cc       0x24 /Users/evanblasband/Documents/MCUXpressoIDE_11.6.0_8187/workspace/lpc_chip_40xx/Debug/liblpc_chip_40xx.a(sysinit_17xx_40xx.o)
 .text.Chip_Clock_SetPCLKDiv
                0x00000000000020f0       0x20 /Users/evanblasband/Documents/MCUXpressoIDE_11.6.0_8187/workspace/lpc_chip_40xx/Debug/liblpc_chip_40xx.a(sysinit_17xx_40xx.o)
 .text.Chip_SetupXtalClocking
                0x0000000000002110       0x82 /Users/evanblasband/Documents/MCUXpressoIDE_11.6.0_8187/workspace/lpc_chip_40xx/Debug/liblpc_chip_40xx.a(sysinit_17xx_40xx.o)
                0x0000000000002110                Chip_SetupXtalClocking
 .text.__main   0x0000000000002192        0xe /Applications/MCUXpressoIDE_11.6.0_8187/ide/plugins/com.nxp.mcuxpresso.tools.macosx_11.6.0.202112161359/tools/bin/../lib/gcc/arm-none-eabi/10.3.1/../../../../arm-none-eabi/lib/thumb/v7e-m+fp/softfp/libcr_semihost.a(_cr__main.o)
                0x0000000000002192                __main
                0x0000000000002192                __CR_SEMIHOST
 .text.memcpy   0x00000000000021a0        0x4 /Applications/MCUXpressoIDE_11.6.0_8187/ide/plugins/com.nxp.mcuxpresso.tools.macosx_11.6.0.202112161359/tools/bin/../lib/gcc/arm-none-eabi/10.3.1/../../../../arm-none-eabi/lib/thumb/v7e-m+fp/softfp/libcr_c.a(memcpy.o)
                0x00000000000021a0                memcpy
 .text.fp_round
                0x00000000000021a4       0x4e /Applications/MCUXpressoIDE_11.6.0_8187/ide/plugins/com.nxp.mcuxpresso.tools.macosx_11.6.0.202112161359/tools/bin/../lib/gcc/arm-none-eabi/10.3.1/../../../../arm-none-eabi/lib/thumb/v7e-m+fp/softfp/libcr_c.a(fpprintf.o)
 .text.pr_dec.constprop.0
                0x00000000000021f2       0x26 /Applications/MCUXpressoIDE_11.6.0_8187/ide/plugins/com.nxp.mcuxpresso.tools.macosx_11.6.0.202112161359/tools/bin/../lib/gcc/arm-none-eabi/10.3.1/../../../../arm-none-eabi/lib/thumb/v7e-m+fp/softfp/libcr_c.a(fpprintf.o)
 .text.sprintf  0x0000000000002218       0x6c /Applications/MCUXpressoIDE_11.6.0_8187/ide/plugins/com.nxp.mcuxpresso.tools.macosx_11.6.0.202112161359/tools/bin/../lib/gcc/arm-none-eabi/10.3.1/../../../../arm-none-eabi/lib/thumb/v7e-m+fp/softfp/libcr_c.a(fpprintf.o)
                0x0000000000002218                sprintf
 *fill*         0x0000000000002284        0x4 ff
 .text.fp_display
                0x0000000000002288      0x95c /Applications/MCUXpressoIDE_11.6.0_8187/ide/plugins/com.nxp.mcuxpresso.tools.macosx_11.6.0.202112161359/tools/bin/../lib/gcc/arm-none-eabi/10.3.1/../../../../arm-none-eabi/lib/thumb/v7e-m+fp/softfp/libcr_c.a(fpprintf.o)
 .text.vsnprintf
                0x0000000000002be4       0x68 /Applications/MCUXpressoIDE_11.6.0_8187/ide/plugins/com.nxp.mcuxpresso.tools.macosx_11.6.0.202112161359/tools/bin/../lib/gcc/arm-none-eabi/10.3.1/../../../../arm-none-eabi/lib/thumb/v7e-m+fp/softfp/libcr_c.a(fpprintf.o)
                0x0000000000002be4                vsnprintf
 .text.printf   0x0000000000002c4c       0x54 /Applications/MCUXpressoIDE_11.6.0_8187/ide/plugins/com.nxp.mcuxpresso.tools.macosx_11.6.0.202112161359/tools/bin/../lib/gcc/arm-none-eabi/10.3.1/../../../../arm-none-eabi/lib/thumb/v7e-m+fp/softfp/libcr_c.a(fpprintf.o)
                0x0000000000002c4c                printf
 .text._initio  0x0000000000002ca0       0x78 /Applications/MCUXpressoIDE_11.6.0_8187/ide/plugins/com.nxp.mcuxpresso.tools.macosx_11.6.0.202112161359/tools/bin/../lib/gcc/arm-none-eabi/10.3.1/../../../../arm-none-eabi/lib/thumb/v7e-m+fp/softfp/libcr_c.a(initio.o)
                0x0000000000002ca0                _initio
 .text.__vfprintf
                0x0000000000002d18      0xbf8 /Applications/MCUXpressoIDE_11.6.0_8187/ide/plugins/com.nxp.mcuxpresso.tools.macosx_11.6.0.202112161359/tools/bin/../lib/gcc/arm-none-eabi/10.3.1/../../../../arm-none-eabi/lib/thumb/v7e-m+fp/softfp/libcr_c.a(printf.o)
                0x0000000000002d18                __vfprintf
 .text.setvbuf  0x0000000000003910       0x3e /Applications/MCUXpressoIDE_11.6.0_8187/ide/plugins/com.nxp.mcuxpresso.tools.macosx_11.6.0.202112161359/tools/bin/../lib/gcc/arm-none-eabi/10.3.1/../../../../arm-none-eabi/lib/thumb/v7e-m+fp/softfp/libcr_c.a(setvbuf.o)
                0x0000000000003910                setvbuf
 .text.strlen   0x000000000000394e       0x48 /Applications/MCUXpressoIDE_11.6.0_8187/ide/plugins/com.nxp.mcuxpresso.tools.macosx_11.6.0.202112161359/tools/bin/../lib/gcc/arm-none-eabi/10.3.1/../../../../arm-none-eabi/lib/thumb/v7e-m+fp/softfp/libcr_c.a(strlen.o)
                0x000000000000394e                strlen
 .text.memset   0x0000000000003996        0x4 /Applications/MCUXpressoIDE_11.6.0_8187/ide/plugins/com.nxp.mcuxpresso.tools.macosx_11.6.0.202112161359/tools/bin/../lib/gcc/arm-none-eabi/10.3.1/../../../../arm-none-eabi/lib/thumb/v7e-m+fp/softfp/libcr_c.a(memset.o)
                0x0000000000003996                memset
 .text._deferredlazyseek
                0x000000000000399a       0x40 /Applications/MCUXpressoIDE_11.6.0_8187/ide/plugins/com.nxp.mcuxpresso.tools.macosx_11.6.0.202112161359/tools/bin/../lib/gcc/arm-none-eabi/10.3.1/../../../../arm-none-eabi/lib/thumb/v7e-m+fp/softfp/libcr_c.a(_deferredlazyseek.o)
                0x000000000000399a                _deferredlazyseek
 .text.__flsbuf
                0x00000000000039da      0x140 /Applications/MCUXpressoIDE_11.6.0_8187/ide/plugins/com.nxp.mcuxpresso.tools.macosx_11.6.0.202112161359/tools/bin/../lib/gcc/arm-none-eabi/10.3.1/../../../../arm-none-eabi/lib/thumb/v7e-m+fp/softfp/libcr_c.a(_deferredlazyseek.o)
                0x00000000000039da                __flsbuf
 .text._fdopen  0x0000000000003b1a       0x68 /Applications/MCUXpressoIDE_11.6.0_8187/ide/plugins/com.nxp.mcuxpresso.tools.macosx_11.6.0.202112161359/tools/bin/../lib/gcc/arm-none-eabi/10.3.1/../../../../arm-none-eabi/lib/thumb/v7e-m+fp/softfp/libcr_c.a(_fdopen.o)
                0x0000000000003b1a                _fdopen
 .text._fflush  0x0000000000003b82       0x52 /Applications/MCUXpressoIDE_11.6.0_8187/ide/plugins/com.nxp.mcuxpresso.tools.macosx_11.6.0.202112161359/tools/bin/../lib/gcc/arm-none-eabi/10.3.1/../../../../arm-none-eabi/lib/thumb/v7e-m+fp/softfp/libcr_c.a(_fflush.o)
                0x0000000000003b82                _fflush
 .text._frexpl  0x0000000000003bd4       0x62 /Applications/MCUXpressoIDE_11.6.0_8187/ide/plugins/com.nxp.mcuxpresso.tools.macosx_11.6.0.202112161359/tools/bin/../lib/gcc/arm-none-eabi/10.3.1/../../../../arm-none-eabi/lib/thumb/v7e-m+fp/softfp/libcr_c.a(_frexpl.o)
                0x0000000000003bd4                _frexpl
 *fill*         0x0000000000003c36        0x2 ff
 .text._ldexpl  0x0000000000003c38       0x48 /Applications/MCUXpressoIDE_11.6.0_8187/ide/plugins/com.nxp.mcuxpresso.tools.macosx_11.6.0.202112161359/tools/bin/../lib/gcc/arm-none-eabi/10.3.1/../../../../arm-none-eabi/lib/thumb/v7e-m+fp/softfp/libcr_c.a(_ldexpl.o)
                0x0000000000003c38                _ldexpl
 .text._Cwritebuf
                0x0000000000003c80       0x6c /Applications/MCUXpressoIDE_11.6.0_8187/ide/plugins/com.nxp.mcuxpresso.tools.macosx_11.6.0.202112161359/tools/bin/../lib/gcc/arm-none-eabi/10.3.1/../../../../arm-none-eabi/lib/thumb/v7e-m+fp/softfp/libcr_c.a(_writebuf.o)
                0x0000000000003c80                _Cwritebuf
 .text.malloc   0x0000000000003cec       0xc8 /Applications/MCUXpressoIDE_11.6.0_8187/ide/plugins/com.nxp.mcuxpresso.tools.macosx_11.6.0.202112161359/tools/bin/../lib/gcc/arm-none-eabi/10.3.1/../../../../arm-none-eabi/lib/thumb/v7e-m+fp/softfp/libcr_c.a(alloc.o)
                0x0000000000003cec                malloc
 .text.free     0x0000000000003db4       0x30 /Applications/MCUXpressoIDE_11.6.0_8187/ide/plugins/com.nxp.mcuxpresso.tools.macosx_11.6.0.202112161359/tools/bin/../lib/gcc/arm-none-eabi/10.3.1/../../../../arm-none-eabi/lib/thumb/v7e-m+fp/softfp/libcr_c.a(alloc.o)
                0x0000000000003db4                free
 .text._Csys_alloc
                0x0000000000003de4       0x20 /Applications/MCUXpressoIDE_11.6.0_8187/ide/plugins/com.nxp.mcuxpresso.tools.macosx_11.6.0.202112161359/tools/bin/../lib/gcc/arm-none-eabi/10.3.1/../../../../arm-none-eabi/lib/thumb/v7e-m+fp/softfp/libcr_c.a(alloc.o)
                0x0000000000003de4                _Csys_alloc
 .text.fclose   0x0000000000003e04       0x58 /Applications/MCUXpressoIDE_11.6.0_8187/ide/plugins/com.nxp.mcuxpresso.tools.macosx_11.6.0.202112161359/tools/bin/../lib/gcc/arm-none-eabi/10.3.1/../../../../arm-none-eabi/lib/thumb/v7e-m+fp/softfp/libcr_c.a(fclose.o)
                0x0000000000003e04                fclose
 .text.fflush   0x0000000000003e5c       0x3c /Applications/MCUXpressoIDE_11.6.0_8187/ide/plugins/com.nxp.mcuxpresso.tools.macosx_11.6.0.202112161359/tools/bin/../lib/gcc/arm-none-eabi/10.3.1/../../../../arm-none-eabi/lib/thumb/v7e-m+fp/softfp/libcr_c.a(fflush.o)
                0x0000000000003e5c                fflush
 .text.fseek    0x0000000000003e98       0xfc /Applications/MCUXpressoIDE_11.6.0_8187/ide/plugins/com.nxp.mcuxpresso.tools.macosx_11.6.0.202112161359/tools/bin/../lib/gcc/arm-none-eabi/10.3.1/../../../../arm-none-eabi/lib/thumb/v7e-m+fp/softfp/libcr_c.a(fseek.o)
                0x0000000000003e98                fseek
 .text.ftell    0x0000000000003f94       0x44 /Applications/MCUXpressoIDE_11.6.0_8187/ide/plugins/com.nxp.mcuxpresso.tools.macosx_11.6.0.202112161359/tools/bin/../lib/gcc/arm-none-eabi/10.3.1/../../../../arm-none-eabi/lib/thumb/v7e-m+fp/softfp/libcr_c.a(ftell.o)
                0x0000000000003f94                ftell
 .text.remove   0x0000000000003fd8       0x14 /Applications/MCUXpressoIDE_11.6.0_8187/ide/plugins/com.nxp.mcuxpresso.tools.macosx_11.6.0.202112161359/tools/bin/../lib/gcc/arm-none-eabi/10.3.1/../../../../arm-none-eabi/lib/thumb/v7e-m+fp/softfp/libcr_c.a(remove.o)
                0x0000000000003fd8                remove
 .text._sbrk    0x0000000000003fec       0x3c /Applications/MCUXpressoIDE_11.6.0_8187/ide/plugins/com.nxp.mcuxpresso.tools.macosx_11.6.0.202112161359/tools/bin/../lib/gcc/arm-none-eabi/10.3.1/../../../../arm-none-eabi/lib/thumb/v7e-m+fp/softfp/libcr_c.a(_cr_sbrk.o)
                0x0000000000003fec                _sbrk
 .text._do_fflush
                0x0000000000004028       0x40 /Applications/MCUXpressoIDE_11.6.0_8187/ide/plugins/com.nxp.mcuxpresso.tools.macosx_11.6.0.202112161359/tools/bin/../lib/gcc/arm-none-eabi/10.3.1/../../../../arm-none-eabi/lib/thumb/v7e-m+fp/softfp/libcr_c.a(_do_fflush.o)
                0x0000000000004028                _do_fflush
 .text.__check_heap_overflow
                0x0000000000004068       0x18 /Applications/MCUXpressoIDE_11.6.0_8187/ide/plugins/com.nxp.mcuxpresso.tools.macosx_11.6.0.202112161359/tools/bin/../lib/gcc/arm-none-eabi/10.3.1/../../../../arm-none-eabi/lib/thumb/v7e-m+fp/softfp/libcr_c.a(_cr_check_heap.o)
                0x0000000000004068                __check_heap_overflow
 .text.__aeabi_dmul
                0x0000000000004080       0xfc /Applications/MCUXpressoIDE_11.6.0_8187/ide/plugins/com.nxp.mcuxpresso.tools.macosx_11.6.0.202112161359/tools/bin/../lib/gcc/arm-none-eabi/10.3.1/thumb/v7e-m+fp/softfp/libcr_eabihelpers.a(double.o)
                0x0000000000004080                __aeabi_dmul
 .text.__aeabi_ddiv
                0x000000000000417c      0x138 /Applications/MCUXpressoIDE_11.6.0_8187/ide/plugins/com.nxp.mcuxpresso.tools.macosx_11.6.0.202112161359/tools/bin/../lib/gcc/arm-none-eabi/10.3.1/thumb/v7e-m+fp/softfp/libcr_eabihelpers.a(double.o)
                0x000000000000417c                __aeabi_ddiv
 .text.__aeabi_dsub
                0x00000000000042b4      0x1ac /Applications/MCUXpressoIDE_11.6.0_8187/ide/plugins/com.nxp.mcuxpresso.tools.macosx_11.6.0.202112161359/tools/bin/../lib/gcc/arm-none-eabi/10.3.1/thumb/v7e-m+fp/softfp/libcr_eabihelpers.a(double.o)
                0x00000000000042b4                __aeabi_dsub
 .text.__aeabi_dadd
                0x0000000000004460      0x114 /Applications/MCUXpressoIDE_11.6.0_8187/ide/plugins/com.nxp.mcuxpresso.tools.macosx_11.6.0.202112161359/tools/bin/../lib/gcc/arm-none-eabi/10.3.1/thumb/v7e-m+fp/softfp/libcr_eabihelpers.a(double.o)
                0x0000000000004460                __aeabi_dadd
 .text.__aeabi_d2iz
                0x0000000000004574       0x40 /Applications/MCUXpressoIDE_11.6.0_8187/ide/plugins/com.nxp.mcuxpresso.tools.macosx_11.6.0.202112161359/tools/bin/../lib/gcc/arm-none-eabi/10.3.1/thumb/v7e-m+fp/softfp/libcr_eabihelpers.a(double.o)
                0x0000000000004574                __aeabi_d2iz
 .text.__bhs_ui2d
                0x00000000000045b4       0x46 /Applications/MCUXpressoIDE_11.6.0_8187/ide/plugins/com.nxp.mcuxpresso.tools.macosx_11.6.0.202112161359/tools/bin/../lib/gcc/arm-none-eabi/10.3.1/thumb/v7e-m+fp/softfp/libcr_eabihelpers.a(double.o)
                0x00000000000045b4                __bhs_ui2d
 .text.__aeabi_i2d
                0x00000000000045fa       0x12 /Applications/MCUXpressoIDE_11.6.0_8187/ide/plugins/com.nxp.mcuxpresso.tools.macosx_11.6.0.202112161359/tools/bin/../lib/gcc/arm-none-eabi/10.3.1/thumb/v7e-m+fp/softfp/libcr_eabihelpers.a(double.o)
                0x00000000000045fa                __aeabi_i2d
 .text.__aeabi_dcmpeq
                0x000000000000460c       0x30 /Applications/MCUXpressoIDE_11.6.0_8187/ide/plugins/com.nxp.mcuxpresso.tools.macosx_11.6.0.202112161359/tools/bin/../lib/gcc/arm-none-eabi/10.3.1/thumb/v7e-m+fp/softfp/libcr_eabihelpers.a(double.o)
                0x000000000000460c                __aeabi_dcmpeq
 .text.__aeabi_dcmplt
                0x000000000000463c       0x56 /Applications/MCUXpressoIDE_11.6.0_8187/ide/plugins/com.nxp.mcuxpresso.tools.macosx_11.6.0.202112161359/tools/bin/../lib/gcc/arm-none-eabi/10.3.1/thumb/v7e-m+fp/softfp/libcr_eabihelpers.a(double.o)
                0x000000000000463c                __aeabi_dcmplt
 .text.__aeabi_dcmple
                0x0000000000004692       0x56 /Applications/MCUXpressoIDE_11.6.0_8187/ide/plugins/com.nxp.mcuxpresso.tools.macosx_11.6.0.202112161359/tools/bin/../lib/gcc/arm-none-eabi/10.3.1/thumb/v7e-m+fp/softfp/libcr_eabihelpers.a(double.o)
                0x0000000000004692                __aeabi_dcmple
 .text.__aeabi_dcmpge
                0x00000000000046e8       0x56 /Applications/MCUXpressoIDE_11.6.0_8187/ide/plugins/com.nxp.mcuxpresso.tools.macosx_11.6.0.202112161359/tools/bin/../lib/gcc/arm-none-eabi/10.3.1/thumb/v7e-m+fp/softfp/libcr_eabihelpers.a(double.o)
                0x00000000000046e8                __aeabi_dcmpge
 .text.__aeabi_memcpy
                0x000000000000473e       0x34 /Applications/MCUXpressoIDE_11.6.0_8187/ide/plugins/com.nxp.mcuxpresso.tools.macosx_11.6.0.202112161359/tools/bin/../lib/gcc/arm-none-eabi/10.3.1/thumb/v7e-m+fp/softfp/libcr_eabihelpers.a(memcpy.o)
                0x000000000000473e                __aeabi_memcpy
                0x0000000000004748                __aeabi_memcpy4
                0x0000000000004748                __aeabi_memcpy8
 .text.__aeabi_memset_lowlevel
                0x0000000000004772       0x32 /Applications/MCUXpressoIDE_11.6.0_8187/ide/plugins/com.nxp.mcuxpresso.tools.macosx_11.6.0.202112161359/tools/bin/../lib/gcc/arm-none-eabi/10.3.1/thumb/v7e-m+fp/softfp/libcr_eabihelpers.a(memcpy.o)
                0x0000000000004772                __aeabi_lowlevel_memset
 .text.__sys_appexit
                0x00000000000047a4        0xc /Applications/MCUXpressoIDE_11.6.0_8187/ide/plugins/com.nxp.mcuxpresso.tools.macosx_11.6.0.202112161359/tools/bin/../lib/gcc/arm-none-eabi/10.3.1/../../../../arm-none-eabi/lib/thumb/v7e-m+fp/softfp/libcr_semihost.a(__sys_appexit.o)
                0x00000000000047a4                __exit
                0x00000000000047a4                __sys_appexit
 .text.__sys_close
                0x00000000000047b0        0xc /Applications/MCUXpressoIDE_11.6.0_8187/ide/plugins/com.nxp.mcuxpresso.tools.macosx_11.6.0.202112161359/tools/bin/../lib/gcc/arm-none-eabi/10.3.1/../../../../arm-none-eabi/lib/thumb/v7e-m+fp/softfp/libcr_semihost.a(__sys_close.o)
                0x00000000000047b0                __sys_close
 .text.__sys_flen
                0x00000000000047bc        0xc /Applications/MCUXpressoIDE_11.6.0_8187/ide/plugins/com.nxp.mcuxpresso.tools.macosx_11.6.0.202112161359/tools/bin/../lib/gcc/arm-none-eabi/10.3.1/../../../../arm-none-eabi/lib/thumb/v7e-m+fp/softfp/libcr_semihost.a(__sys_flen.o)
                0x00000000000047bc                __sys_flen
 .text.__sys_istty
                0x00000000000047c8        0xc /Applications/MCUXpressoIDE_11.6.0_8187/ide/plugins/com.nxp.mcuxpresso.tools.macosx_11.6.0.202112161359/tools/bin/../lib/gcc/arm-none-eabi/10.3.1/../../../../arm-none-eabi/lib/thumb/v7e-m+fp/softfp/libcr_semihost.a(__sys_istty.o)
                0x00000000000047c8                __sys_istty
 .text.__sys_remove
                0x00000000000047d4        0xc /Applications/MCUXpressoIDE_11.6.0_8187/ide/plugins/com.nxp.mcuxpresso.tools.macosx_11.6.0.202112161359/tools/bin/../lib/gcc/arm-none-eabi/10.3.1/../../../../arm-none-eabi/lib/thumb/v7e-m+fp/softfp/libcr_semihost.a(__sys_remove.o)
                0x00000000000047d4                __sys_remove
 .text.__sys_seek
                0x00000000000047e0        0xc /Applications/MCUXpressoIDE_11.6.0_8187/ide/plugins/com.nxp.mcuxpresso.tools.macosx_11.6.0.202112161359/tools/bin/../lib/gcc/arm-none-eabi/10.3.1/../../../../arm-none-eabi/lib/thumb/v7e-m+fp/softfp/libcr_semihost.a(__sys_seek.o)
                0x00000000000047e0                __sys_seek
 .text.__sys_tmpnam
                0x00000000000047ec        0xc /Applications/MCUXpressoIDE_11.6.0_8187/ide/plugins/com.nxp.mcuxpresso.tools.macosx_11.6.0.202112161359/tools/bin/../lib/gcc/arm-none-eabi/10.3.1/../../../../arm-none-eabi/lib/thumb/v7e-m+fp/softfp/libcr_semihost.a(__sys_tmpnam.o)
                0x00000000000047ec                __sys_tmpnam
 .text.__sys_write
                0x00000000000047f8        0xc /Applications/MCUXpressoIDE_11.6.0_8187/ide/plugins/com.nxp.mcuxpresso.tools.macosx_11.6.0.202112161359/tools/bin/../lib/gcc/arm-none-eabi/10.3.1/../../../../arm-none-eabi/lib/thumb/v7e-m+fp/softfp/libcr_semihost.a(__sys_write.o)
                0x00000000000047f8                __sys_write
 *(.rodata .rodata.* .constdata .constdata.*)
 .rodata.main.str1.4
                0x0000000000004804       0x4b ./example/src/i2c.o
 *fill*         0x000000000000484f        0x1 ff
 .rodata.ledBits
                0x0000000000004850        0x2 /Users/evanblasband/Documents/MCUXpressoIDE_11.6.0_8187/workspace/lpc_board_ea_devkit_4088/Debug/liblpc_board_ea_devkit_4088.a(board.o)
 *fill*         0x0000000000004852        0x2 ff
 .rodata.OscRateIn
                0x0000000000004854        0x4 /Users/evanblasband/Documents/MCUXpressoIDE_11.6.0_8187/workspace/lpc_board_ea_devkit_4088/Debug/liblpc_board_ea_devkit_4088.a(board.o)
                0x0000000000004854                OscRateIn
 .rodata.pinmuxing
                0x0000000000004858       0x88 /Users/evanblasband/Documents/MCUXpressoIDE_11.6.0_8187/workspace/lpc_board_ea_devkit_4088/Debug/liblpc_board_ea_devkit_4088.a(board_sysinit.o)
 .rodata.IS42S32800D_config
                0x00000000000048e0       0x74 /Users/evanblasband/Documents/MCUXpressoIDE_11.6.0_8187/workspace/lpc_board_ea_devkit_4088/Debug/liblpc_board_ea_devkit_4088.a(board_sysinit.o)
 .rodata.SST39VF320_config
                0x0000000000004954       0x20 /Users/evanblasband/Documents/MCUXpressoIDE_11.6.0_8187/workspace/lpc_board_ea_devkit_4088/Debug/liblpc_board_ea_devkit_4088.a(board_sysinit.o)
 .rodata.K9F1G_config
                0x0000000000004974       0x20 /Users/evanblasband/Documents/MCUXpressoIDE_11.6.0_8187/workspace/lpc_board_ea_devkit_4088/Debug/liblpc_board_ea_devkit_4088.a(board_sysinit.o)
 .rodata.fp_display.str1.1
                0x0000000000004994       0x34 /Applications/MCUXpressoIDE_11.6.0_8187/ide/plugins/com.nxp.mcuxpresso.tools.macosx_11.6.0.202112161359/tools/bin/../lib/gcc/arm-none-eabi/10.3.1/../../../../arm-none-eabi/lib/thumb/v7e-m+fp/softfp/libcr_c.a(fpprintf.o)
                                         0x35 (size before relaxing)
 .rodata._initio.str1.1
                0x00000000000049c8        0x4 /Applications/MCUXpressoIDE_11.6.0_8187/ide/plugins/com.nxp.mcuxpresso.tools.macosx_11.6.0.202112161359/tools/bin/../lib/gcc/arm-none-eabi/10.3.1/../../../../arm-none-eabi/lib/thumb/v7e-m+fp/softfp/libcr_c.a(initio.o)
 .rodata.__vfprintf.str1.1
                0x00000000000049cc       0x31 /Applications/MCUXpressoIDE_11.6.0_8187/ide/plugins/com.nxp.mcuxpresso.tools.macosx_11.6.0.202112161359/tools/bin/../lib/gcc/arm-none-eabi/10.3.1/../../../../arm-none-eabi/lib/thumb/v7e-m+fp/softfp/libcr_c.a(printf.o)
                                         0x38 (size before relaxing)
 .rodata._Csys_alloc.str1.1
                0x00000000000049fd       0x18 /Applications/MCUXpressoIDE_11.6.0_8187/ide/plugins/com.nxp.mcuxpresso.tools.macosx_11.6.0.202112161359/tools/bin/../lib/gcc/arm-none-eabi/10.3.1/../../../../arm-none-eabi/lib/thumb/v7e-m+fp/softfp/libcr_c.a(alloc.o)
 *fill*         0x0000000000004a15        0x3 ff
 .rodata.__num_Ciob_streams
                0x0000000000004a18        0x4 /Applications/MCUXpressoIDE_11.6.0_8187/ide/plugins/com.nxp.mcuxpresso.tools.macosx_11.6.0.202112161359/tools/bin/../lib/gcc/arm-none-eabi/10.3.1/../../../../arm-none-eabi/lib/thumb/v7e-m+fp/softfp/libcr_semihost.a(__ciob.o)
                0x0000000000004a18                __num_Ciob_streams
                0x0000000000004a1c                . = ALIGN (0x4)

.glue_7         0x0000000000004a1c        0x0
 .glue_7        0x0000000000004a1c        0x0 linker stubs

.glue_7t        0x0000000000004a1c        0x0
 .glue_7t       0x0000000000004a1c        0x0 linker stubs

.vfp11_veneer   0x0000000000004a1c        0x0
 .vfp11_veneer  0x0000000000004a1c        0x0 linker stubs

.v4_bx          0x0000000000004a1c        0x0
 .v4_bx         0x0000000000004a1c        0x0 linker stubs

.iplt           0x0000000000004a1c        0x0
 .iplt          0x0000000000004a1c        0x0 ./example/src/cr_startup_lpc40xx.o

.rel.dyn        0x0000000000004a1c        0x0
 .rel.iplt      0x0000000000004a1c        0x0 ./example/src/cr_startup_lpc40xx.o

.ARM.extab
 *(.ARM.extab* .gnu.linkonce.armextab.*)

.ARM.exidx      0x0000000000004a1c        0x0
                0x0000000000004a1c                __exidx_start = .
 *(.ARM.exidx* .gnu.linkonce.armexidx.*)
                0x0000000000004a1c                __exidx_end = .
                0x0000000000004a1c                _etext = .

.data_RAM2      0x0000000020000000        0x0 load address 0x0000000000004a1c
 FILL mask 0xff
                [!provide]                        PROVIDE (__start_data_RAM2 = .)
                [!provide]                        PROVIDE (__start_data_RamPeriph32 = .)
 *(.ramfunc.$RAM2)
 *(.ramfunc.$RamPeriph32)
 *(.data.$RAM2)
 *(.data.$RamPeriph32)
 *(.data.$RAM2.*)
 *(.data.$RamPeriph32.*)
                0x0000000020000000                . = ALIGN (0x4)
                [!provide]                        PROVIDE (__end_data_RAM2 = .)
                [!provide]                        PROVIDE (__end_data_RamPeriph32 = .)

.uninit_RESERVED
                0x0000000010000000        0x0
                0x0000000010000000                _start_uninit_RESERVED = .
 *(.bss.$RESERVED*)
                0x0000000010000000                . = ALIGN (0x4)
                0x0000000010000000                _end_uninit_RESERVED = .

.data           0x0000000010000000       0x54 load address 0x0000000000004a1c
 FILL mask 0xff
                0x0000000010000000                _data = .
                [!provide]                        PROVIDE (__start_data_RAM = .)
                [!provide]                        PROVIDE (__start_data_RamLoc64 = .)
 *(vtable)
 *(.ramfunc*)
 *(CodeQuickAccess)
 *(DataQuickAccess)
 *(RamFunction)
 *(.data*)
 .data.i2c      0x0000000010000000       0x54 /Users/evanblasband/Documents/MCUXpressoIDE_11.6.0_8187/workspace/lpc_chip_40xx/Debug/liblpc_chip_40xx.a(i2c_17xx_40xx.o)
                0x0000000010000054                . = ALIGN (0x4)
                0x0000000010000054                _edata = .
                [!provide]                        PROVIDE (__end_data_RAM = .)
                [!provide]                        PROVIDE (__end_data_RamLoc64 = .)

.igot.plt       0x0000000010000054        0x0 load address 0x0000000000004a70
 .igot.plt      0x0000000010000054        0x0 ./example/src/cr_startup_lpc40xx.o

.bss_RAM2       0x0000000020000000        0x0
                [!provide]                        PROVIDE (__start_bss_RAM2 = .)
                [!provide]                        PROVIDE (__start_bss_RamPeriph32 = .)
 *(.bss.$RAM2)
 *(.bss.$RamPeriph32)
 *(.bss.$RAM2.*)
 *(.bss.$RamPeriph32.*)
                0x0000000020000000                . = ALIGN ((. != 0x0)?0x4:0x1)
                [!provide]                        PROVIDE (__end_bss_RAM2 = .)
                [!provide]                        PROVIDE (__end_bss_RamPeriph32 = .)

.bss            0x0000000010000054      0x688
                0x0000000010000054                _bss = .
                [!provide]                        PROVIDE (__start_bss_RAM = .)
                [!provide]                        PROVIDE (__start_bss_RamLoc64 = .)
 *(.bss*)
 .bss.mode_poll
                0x0000000010000054        0x4 ./example/src/i2c.o
 .bss.i2cDev    0x0000000010000058        0x1 ./example/src/i2c.o
 *fill*         0x0000000010000059        0x3 
 .bss.temp_xfer
                0x000000001000005c       0x18 ./example/src/i2c.o
 .bss.i2Cbuffer
                0x0000000010000074      0x400 ./example/src/i2c.o
 .bss.SystemCoreClock
                0x0000000010000474        0x4 /Users/evanblasband/Documents/MCUXpressoIDE_11.6.0_8187/workspace/lpc_chip_40xx/Debug/liblpc_chip_40xx.a(chip_17xx_40xx.o)
                0x0000000010000474                SystemCoreClock
 .bss.i2c_slave
                0x0000000010000478       0x78 /Users/evanblasband/Documents/MCUXpressoIDE_11.6.0_8187/workspace/lpc_chip_40xx/Debug/liblpc_chip_40xx.a(i2c_17xx_40xx.o)
 .bss.errno     0x00000000100004f0        0x4 /Applications/MCUXpressoIDE_11.6.0_8187/ide/plugins/com.nxp.mcuxpresso.tools.macosx_11.6.0.202112161359/tools/bin/../lib/gcc/arm-none-eabi/10.3.1/../../../../arm-none-eabi/lib/thumb/v7e-m+fp/softfp/libcr_c.a(errno.o)
                0x00000000100004f0                errno
 .bss.__end_of_heap
                0x00000000100004f4        0x4 /Applications/MCUXpressoIDE_11.6.0_8187/ide/plugins/com.nxp.mcuxpresso.tools.macosx_11.6.0.202112161359/tools/bin/../lib/gcc/arm-none-eabi/10.3.1/../../../../arm-none-eabi/lib/thumb/v7e-m+fp/softfp/libcr_c.a(__init_alloc.o)
                0x00000000100004f4                __end_of_heap
 .bss.__heaps   0x00000000100004f8        0x4 /Applications/MCUXpressoIDE_11.6.0_8187/ide/plugins/com.nxp.mcuxpresso.tools.macosx_11.6.0.202112161359/tools/bin/../lib/gcc/arm-none-eabi/10.3.1/../../../../arm-none-eabi/lib/thumb/v7e-m+fp/softfp/libcr_c.a(__init_alloc.o)
                0x00000000100004f8                __heaps
 .bss.__Ciob    0x00000000100004fc      0x1e0 /Applications/MCUXpressoIDE_11.6.0_8187/ide/plugins/com.nxp.mcuxpresso.tools.macosx_11.6.0.202112161359/tools/bin/../lib/gcc/arm-none-eabi/10.3.1/../../../../arm-none-eabi/lib/thumb/v7e-m+fp/softfp/libcr_semihost.a(__ciob.o)
                0x00000000100004fc                __Ciob
 *(COMMON)
                0x00000000100006dc                . = ALIGN (0x4)
                0x00000000100006dc                _ebss = .
                [!provide]                        PROVIDE (__end_bss_RAM = .)
                [!provide]                        PROVIDE (__end_bss_RamLoc64 = .)
                [!provide]                        PROVIDE (end = .)

.noinit_RAM2    0x0000000020000000        0x0
                [!provide]                        PROVIDE (__start_noinit_RAM2 = .)
                [!provide]                        PROVIDE (__start_noinit_RamPeriph32 = .)
 *(.noinit.$RAM2)
 *(.noinit.$RamPeriph32)
 *(.noinit.$RAM2.*)
 *(.noinit.$RamPeriph32.*)
                0x0000000020000000                . = ALIGN (0x4)
                [!provide]                        PROVIDE (__end_noinit_RAM2 = .)
                [!provide]                        PROVIDE (__end_noinit_RamPeriph32 = .)

.noinit         0x00000000100006dc        0x0
                0x00000000100006dc                _noinit = .
                [!provide]                        PROVIDE (__start_noinit_RAM = .)
                [!provide]                        PROVIDE (__start_noinit_RamLoc64 = .)
 *(.noinit*)
                0x00000000100006dc                . = ALIGN (0x4)
                0x00000000100006dc                _end_noinit = .
                [!provide]                        PROVIDE (__end_noinit_RAM = .)
                [!provide]                        PROVIDE (__end_noinit_RamLoc64 = .)
                0x00000000100006dc                PROVIDE (_pvHeapStart = DEFINED (__user_heap_base)?__user_heap_base:.)
                0x0000000010010000                PROVIDE (_vStackTop = DEFINED (__user_stack_top)?__user_stack_top:(__top_RamLoc64 - 0x0))
                [!provide]                        PROVIDE (__valid_user_code_checksum = (0x0 - ((((((_vStackTop + (ResetISR + 0x1)) + (NMI_Handler + 0x1)) + (HardFault_Handler + 0x1)) + (DEFINED (MemManage_Handler)?MemManage_Handler:0x0 + 0x1)) + (DEFINED (BusFault_Handler)?BusFault_Handler:0x0 + 0x1)) + (DEFINED (UsageFault_Handler)?UsageFault_Handler:0x0 + 0x1))))
                0x0000000000000000                _image_start = LOADADDR (.text)
                0x0000000000004a70                _image_end = (LOADADDR (.data) + SIZEOF (.data))
                0x0000000000004a70                _image_size = (_image_end - _image_start)
OUTPUT(lab_i2c2.axf elf32-littlearm)
LOAD linker stubs

.debug_info     0x0000000000000000     0x6be5
 .debug_info    0x0000000000000000      0x292 ./example/src/cr_startup_lpc40xx.o
 .debug_info    0x0000000000000292      0x73c ./example/src/i2c.o
 .debug_info    0x00000000000009ce       0xbb ./example/src/sysinit.o
 .debug_info    0x0000000000000a89     0x1d53 /Users/evanblasband/Documents/MCUXpressoIDE_11.6.0_8187/workspace/lpc_board_ea_devkit_4088/Debug/liblpc_board_ea_devkit_4088.a(board.o)
 .debug_info    0x00000000000027dc      0xa68 /Users/evanblasband/Documents/MCUXpressoIDE_11.6.0_8187/workspace/lpc_board_ea_devkit_4088/Debug/liblpc_board_ea_devkit_4088.a(board_sysinit.o)
 .debug_info    0x0000000000003244      0x604 /Users/evanblasband/Documents/MCUXpressoIDE_11.6.0_8187/workspace/lpc_chip_40xx/Debug/liblpc_chip_40xx.a(chip_17xx_40xx.o)
 .debug_info    0x0000000000003848      0xbeb /Users/evanblasband/Documents/MCUXpressoIDE_11.6.0_8187/workspace/lpc_chip_40xx/Debug/liblpc_chip_40xx.a(clock_17xx_40xx.o)
 .debug_info    0x0000000000004433      0xcdc /Users/evanblasband/Documents/MCUXpressoIDE_11.6.0_8187/workspace/lpc_chip_40xx/Debug/liblpc_chip_40xx.a(emc_17xx_40xx.o)
 .debug_info    0x000000000000510f      0x10e /Users/evanblasband/Documents/MCUXpressoIDE_11.6.0_8187/workspace/lpc_chip_40xx/Debug/liblpc_chip_40xx.a(fpu_init.o)
 .debug_info    0x000000000000521d      0xdfe /Users/evanblasband/Documents/MCUXpressoIDE_11.6.0_8187/workspace/lpc_chip_40xx/Debug/liblpc_chip_40xx.a(i2c_17xx_40xx.o)
 .debug_info    0x000000000000601b      0x1d0 /Users/evanblasband/Documents/MCUXpressoIDE_11.6.0_8187/workspace/lpc_chip_40xx/Debug/liblpc_chip_40xx.a(iocon_17xx_40xx.o)
 .debug_info    0x00000000000061eb      0x50a /Users/evanblasband/Documents/MCUXpressoIDE_11.6.0_8187/workspace/lpc_chip_40xx/Debug/liblpc_chip_40xx.a(sysctl_17xx_40xx.o)
 .debug_info    0x00000000000066f5      0x4f0 /Users/evanblasband/Documents/MCUXpressoIDE_11.6.0_8187/workspace/lpc_chip_40xx/Debug/liblpc_chip_40xx.a(sysinit_17xx_40xx.o)

.debug_abbrev   0x0000000000000000     0x1731
 .debug_abbrev  0x0000000000000000      0x135 ./example/src/cr_startup_lpc40xx.o
 .debug_abbrev  0x0000000000000135      0x215 ./example/src/i2c.o
 .debug_abbrev  0x000000000000034a       0x7b ./example/src/sysinit.o
 .debug_abbrev  0x00000000000003c5      0x39e /Users/evanblasband/Documents/MCUXpressoIDE_11.6.0_8187/workspace/lpc_board_ea_devkit_4088/Debug/liblpc_board_ea_devkit_4088.a(board.o)
 .debug_abbrev  0x0000000000000763      0x24e /Users/evanblasband/Documents/MCUXpressoIDE_11.6.0_8187/workspace/lpc_board_ea_devkit_4088/Debug/liblpc_board_ea_devkit_4088.a(board_sysinit.o)
 .debug_abbrev  0x00000000000009b1      0x16b /Users/evanblasband/Documents/MCUXpressoIDE_11.6.0_8187/workspace/lpc_chip_40xx/Debug/liblpc_chip_40xx.a(chip_17xx_40xx.o)
 .debug_abbrev  0x0000000000000b1c      0x2e9 /Users/evanblasband/Documents/MCUXpressoIDE_11.6.0_8187/workspace/lpc_chip_40xx/Debug/liblpc_chip_40xx.a(clock_17xx_40xx.o)
 .debug_abbrev  0x0000000000000e05      0x203 /Users/evanblasband/Documents/MCUXpressoIDE_11.6.0_8187/workspace/lpc_chip_40xx/Debug/liblpc_chip_40xx.a(emc_17xx_40xx.o)
 .debug_abbrev  0x0000000000001008       0x79 /Users/evanblasband/Documents/MCUXpressoIDE_11.6.0_8187/workspace/lpc_chip_40xx/Debug/liblpc_chip_40xx.a(fpu_init.o)
 .debug_abbrev  0x0000000000001081      0x2e6 /Users/evanblasband/Documents/MCUXpressoIDE_11.6.0_8187/workspace/lpc_chip_40xx/Debug/liblpc_chip_40xx.a(i2c_17xx_40xx.o)
 .debug_abbrev  0x0000000000001367      0x112 /Users/evanblasband/Documents/MCUXpressoIDE_11.6.0_8187/workspace/lpc_chip_40xx/Debug/liblpc_chip_40xx.a(iocon_17xx_40xx.o)
 .debug_abbrev  0x0000000000001479      0x143 /Users/evanblasband/Documents/MCUXpressoIDE_11.6.0_8187/workspace/lpc_chip_40xx/Debug/liblpc_chip_40xx.a(sysctl_17xx_40xx.o)
 .debug_abbrev  0x00000000000015bc      0x175 /Users/evanblasband/Documents/MCUXpressoIDE_11.6.0_8187/workspace/lpc_chip_40xx/Debug/liblpc_chip_40xx.a(sysinit_17xx_40xx.o)

.debug_aranges  0x0000000000000000      0x710
 .debug_aranges
                0x0000000000000000       0x80 ./example/src/cr_startup_lpc40xx.o
 .debug_aranges
                0x0000000000000080       0x68 ./example/src/i2c.o
 .debug_aranges
                0x00000000000000e8       0x20 ./example/src/sysinit.o
 .debug_aranges
                0x0000000000000108      0x1e8 /Users/evanblasband/Documents/MCUXpressoIDE_11.6.0_8187/workspace/lpc_board_ea_devkit_4088/Debug/liblpc_board_ea_devkit_4088.a(board.o)
 .debug_aranges
                0x00000000000002f0       0x50 /Users/evanblasband/Documents/MCUXpressoIDE_11.6.0_8187/workspace/lpc_board_ea_devkit_4088/Debug/liblpc_board_ea_devkit_4088.a(board_sysinit.o)
 .debug_aranges
                0x0000000000000340       0x30 /Users/evanblasband/Documents/MCUXpressoIDE_11.6.0_8187/workspace/lpc_chip_40xx/Debug/liblpc_chip_40xx.a(chip_17xx_40xx.o)
 .debug_aranges
                0x0000000000000370      0x138 /Users/evanblasband/Documents/MCUXpressoIDE_11.6.0_8187/workspace/lpc_chip_40xx/Debug/liblpc_chip_40xx.a(clock_17xx_40xx.o)
 .debug_aranges
                0x00000000000004a8       0x80 /Users/evanblasband/Documents/MCUXpressoIDE_11.6.0_8187/workspace/lpc_chip_40xx/Debug/liblpc_chip_40xx.a(emc_17xx_40xx.o)
 .debug_aranges
                0x0000000000000528       0x20 /Users/evanblasband/Documents/MCUXpressoIDE_11.6.0_8187/workspace/lpc_chip_40xx/Debug/liblpc_chip_40xx.a(fpu_init.o)
 .debug_aranges
                0x0000000000000548      0x118 /Users/evanblasband/Documents/MCUXpressoIDE_11.6.0_8187/workspace/lpc_chip_40xx/Debug/liblpc_chip_40xx.a(i2c_17xx_40xx.o)
 .debug_aranges
                0x0000000000000660       0x28 /Users/evanblasband/Documents/MCUXpressoIDE_11.6.0_8187/workspace/lpc_chip_40xx/Debug/liblpc_chip_40xx.a(iocon_17xx_40xx.o)
 .debug_aranges
                0x0000000000000688       0x28 /Users/evanblasband/Documents/MCUXpressoIDE_11.6.0_8187/workspace/lpc_chip_40xx/Debug/liblpc_chip_40xx.a(sysctl_17xx_40xx.o)
 .debug_aranges
                0x00000000000006b0       0x60 /Users/evanblasband/Documents/MCUXpressoIDE_11.6.0_8187/workspace/lpc_chip_40xx/Debug/liblpc_chip_40xx.a(sysinit_17xx_40xx.o)

.debug_ranges   0x0000000000000000      0x640
 .debug_ranges  0x0000000000000000       0x70 ./example/src/cr_startup_lpc40xx.o
 .debug_ranges  0x0000000000000070       0x58 ./example/src/i2c.o
 .debug_ranges  0x00000000000000c8       0x10 ./example/src/sysinit.o
 .debug_ranges  0x00000000000000d8      0x1d8 /Users/evanblasband/Documents/MCUXpressoIDE_11.6.0_8187/workspace/lpc_board_ea_devkit_4088/Debug/liblpc_board_ea_devkit_4088.a(board.o)
 .debug_ranges  0x00000000000002b0       0x40 /Users/evanblasband/Documents/MCUXpressoIDE_11.6.0_8187/workspace/lpc_board_ea_devkit_4088/Debug/liblpc_board_ea_devkit_4088.a(board_sysinit.o)
 .debug_ranges  0x00000000000002f0       0x20 /Users/evanblasband/Documents/MCUXpressoIDE_11.6.0_8187/workspace/lpc_chip_40xx/Debug/liblpc_chip_40xx.a(chip_17xx_40xx.o)
 .debug_ranges  0x0000000000000310      0x128 /Users/evanblasband/Documents/MCUXpressoIDE_11.6.0_8187/workspace/lpc_chip_40xx/Debug/liblpc_chip_40xx.a(clock_17xx_40xx.o)
 .debug_ranges  0x0000000000000438       0x70 /Users/evanblasband/Documents/MCUXpressoIDE_11.6.0_8187/workspace/lpc_chip_40xx/Debug/liblpc_chip_40xx.a(emc_17xx_40xx.o)
 .debug_ranges  0x00000000000004a8       0x10 /Users/evanblasband/Documents/MCUXpressoIDE_11.6.0_8187/workspace/lpc_chip_40xx/Debug/liblpc_chip_40xx.a(fpu_init.o)
 .debug_ranges  0x00000000000004b8      0x108 /Users/evanblasband/Documents/MCUXpressoIDE_11.6.0_8187/workspace/lpc_chip_40xx/Debug/liblpc_chip_40xx.a(i2c_17xx_40xx.o)
 .debug_ranges  0x00000000000005c0       0x18 /Users/evanblasband/Documents/MCUXpressoIDE_11.6.0_8187/workspace/lpc_chip_40xx/Debug/liblpc_chip_40xx.a(iocon_17xx_40xx.o)
 .debug_ranges  0x00000000000005d8       0x18 /Users/evanblasband/Documents/MCUXpressoIDE_11.6.0_8187/workspace/lpc_chip_40xx/Debug/liblpc_chip_40xx.a(sysctl_17xx_40xx.o)
 .debug_ranges  0x00000000000005f0       0x50 /Users/evanblasband/Documents/MCUXpressoIDE_11.6.0_8187/workspace/lpc_chip_40xx/Debug/liblpc_chip_40xx.a(sysinit_17xx_40xx.o)

.debug_macro    0x0000000000000000     0x7c38
 .debug_macro   0x0000000000000000       0x1d ./example/src/cr_startup_lpc40xx.o
 .debug_macro   0x000000000000001d      0xa90 ./example/src/cr_startup_lpc40xx.o
 .debug_macro   0x0000000000000aad      0x2e7 ./example/src/i2c.o
 .debug_macro   0x0000000000000d94       0x10 ./example/src/i2c.o
 .debug_macro   0x0000000000000da4      0x12e ./example/src/i2c.o
 .debug_macro   0x0000000000000ed2       0x28 ./example/src/i2c.o
 .debug_macro   0x0000000000000efa      0x5b3 ./example/src/i2c.o
 .debug_macro   0x00000000000014ad       0x22 ./example/src/i2c.o
 .debug_macro   0x00000000000014cf       0x74 ./example/src/i2c.o
 .debug_macro   0x0000000000001543       0x16 ./example/src/i2c.o
 .debug_macro   0x0000000000001559       0x2d ./example/src/i2c.o
 .debug_macro   0x0000000000001586       0x3b ./example/src/i2c.o
 .debug_macro   0x00000000000015c1       0x2d ./example/src/i2c.o
 .debug_macro   0x00000000000015ee       0x42 ./example/src/i2c.o
 .debug_macro   0x0000000000001630      0xd39 ./example/src/i2c.o
 .debug_macro   0x0000000000002369      0x295 ./example/src/i2c.o
 .debug_macro   0x00000000000025fe       0x50 ./example/src/i2c.o
 .debug_macro   0x000000000000264e       0x34 ./example/src/i2c.o
 .debug_macro   0x0000000000002682      0x152 ./example/src/i2c.o
 .debug_macro   0x00000000000027d4       0x82 ./example/src/i2c.o
 .debug_macro   0x0000000000002856      0x48c ./example/src/i2c.o
 .debug_macro   0x0000000000002ce2      0x12d ./example/src/i2c.o
 .debug_macro   0x0000000000002e0f       0x6a ./example/src/i2c.o
 .debug_macro   0x0000000000002e79       0x34 ./example/src/i2c.o
 .debug_macro   0x0000000000002ead       0x58 ./example/src/i2c.o
 .debug_macro   0x0000000000002f05      0x236 ./example/src/i2c.o
 .debug_macro   0x000000000000313b      0x4c5 ./example/src/i2c.o
 .debug_macro   0x0000000000003600      0x1da ./example/src/i2c.o
 .debug_macro   0x00000000000037da       0x10 ./example/src/i2c.o
 .debug_macro   0x00000000000037ea      0x21b ./example/src/i2c.o
 .debug_macro   0x0000000000003a05      0x1b9 ./example/src/i2c.o
 .debug_macro   0x0000000000003bbe       0x2e ./example/src/i2c.o
 .debug_macro   0x0000000000003bec       0x40 ./example/src/i2c.o
 .debug_macro   0x0000000000003c2c      0x209 ./example/src/i2c.o
 .debug_macro   0x0000000000003e35      0x2b3 ./example/src/i2c.o
 .debug_macro   0x00000000000040e8      0x34c ./example/src/i2c.o
 .debug_macro   0x0000000000004434       0xb2 ./example/src/i2c.o
 .debug_macro   0x00000000000044e6       0x16 ./example/src/i2c.o
 .debug_macro   0x00000000000044fc       0xb8 ./example/src/i2c.o
 .debug_macro   0x00000000000045b4       0x4c ./example/src/i2c.o
 .debug_macro   0x0000000000004600       0x16 ./example/src/i2c.o
 .debug_macro   0x0000000000004616      0x328 ./example/src/i2c.o
 .debug_macro   0x000000000000493e       0x3a ./example/src/i2c.o
 .debug_macro   0x0000000000004978       0x16 ./example/src/i2c.o
 .debug_macro   0x000000000000498e       0xca ./example/src/i2c.o
 .debug_macro   0x0000000000004a58       0x18 ./example/src/i2c.o
 .debug_macro   0x0000000000004a70       0x16 ./example/src/i2c.o
 .debug_macro   0x0000000000004a86       0x8e ./example/src/i2c.o
 .debug_macro   0x0000000000004b14      0x124 ./example/src/i2c.o
 .debug_macro   0x0000000000004c38       0x6c ./example/src/i2c.o
 .debug_macro   0x0000000000004ca4       0x9a ./example/src/i2c.o
 .debug_macro   0x0000000000004d3e       0x20 ./example/src/i2c.o
 .debug_macro   0x0000000000004d5e       0x2e ./example/src/i2c.o
 .debug_macro   0x0000000000004d8c      0x296 ./example/src/sysinit.o
 .debug_macro   0x0000000000005022       0x7b ./example/src/sysinit.o
 .debug_macro   0x000000000000509d      0x3c6 /Users/evanblasband/Documents/MCUXpressoIDE_11.6.0_8187/workspace/lpc_board_ea_devkit_4088/Debug/liblpc_board_ea_devkit_4088.a(board.o)
 .debug_macro   0x0000000000005463      0xa8a /Users/evanblasband/Documents/MCUXpressoIDE_11.6.0_8187/workspace/lpc_board_ea_devkit_4088/Debug/liblpc_board_ea_devkit_4088.a(board.o)
 .debug_macro   0x0000000000005eed       0x20 /Users/evanblasband/Documents/MCUXpressoIDE_11.6.0_8187/workspace/lpc_board_ea_devkit_4088/Debug/liblpc_board_ea_devkit_4088.a(board.o)
 .debug_macro   0x0000000000005f0d      0x29c /Users/evanblasband/Documents/MCUXpressoIDE_11.6.0_8187/workspace/lpc_board_ea_devkit_4088/Debug/liblpc_board_ea_devkit_4088.a(board_sysinit.o)
 .debug_macro   0x00000000000061a9      0x22c /Users/evanblasband/Documents/MCUXpressoIDE_11.6.0_8187/workspace/lpc_chip_40xx/Debug/liblpc_chip_40xx.a(chip_17xx_40xx.o)
 .debug_macro   0x00000000000063d5      0xa84 /Users/evanblasband/Documents/MCUXpressoIDE_11.6.0_8187/workspace/lpc_chip_40xx/Debug/liblpc_chip_40xx.a(chip_17xx_40xx.o)
 .debug_macro   0x0000000000006e59      0x22c /Users/evanblasband/Documents/MCUXpressoIDE_11.6.0_8187/workspace/lpc_chip_40xx/Debug/liblpc_chip_40xx.a(clock_17xx_40xx.o)
 .debug_macro   0x0000000000007085      0x232 /Users/evanblasband/Documents/MCUXpressoIDE_11.6.0_8187/workspace/lpc_chip_40xx/Debug/liblpc_chip_40xx.a(emc_17xx_40xx.o)
 .debug_macro   0x00000000000072b7       0xbf /Users/evanblasband/Documents/MCUXpressoIDE_11.6.0_8187/workspace/lpc_chip_40xx/Debug/liblpc_chip_40xx.a(fpu_init.o)
 .debug_macro   0x0000000000007376      0x23e /Users/evanblasband/Documents/MCUXpressoIDE_11.6.0_8187/workspace/lpc_chip_40xx/Debug/liblpc_chip_40xx.a(i2c_17xx_40xx.o)
 .debug_macro   0x00000000000075b4      0x22c /Users/evanblasband/Documents/MCUXpressoIDE_11.6.0_8187/workspace/lpc_chip_40xx/Debug/liblpc_chip_40xx.a(iocon_17xx_40xx.o)
 .debug_macro   0x00000000000077e0      0x22c /Users/evanblasband/Documents/MCUXpressoIDE_11.6.0_8187/workspace/lpc_chip_40xx/Debug/liblpc_chip_40xx.a(sysctl_17xx_40xx.o)
 .debug_macro   0x0000000000007a0c      0x22c /Users/evanblasband/Documents/MCUXpressoIDE_11.6.0_8187/workspace/lpc_chip_40xx/Debug/liblpc_chip_40xx.a(sysinit_17xx_40xx.o)

.debug_line     0x0000000000000000     0x5f17
 .debug_line    0x0000000000000000      0x175 ./example/src/cr_startup_lpc40xx.o
 .debug_line    0x0000000000000175      0x7ae ./example/src/i2c.o
 .debug_line    0x0000000000000923      0x620 ./example/src/sysinit.o
 .debug_line    0x0000000000000f43      0xfb8 /Users/evanblasband/Documents/MCUXpressoIDE_11.6.0_8187/workspace/lpc_board_ea_devkit_4088/Debug/liblpc_board_ea_devkit_4088.a(board.o)
 .debug_line    0x0000000000001efb      0x71a /Users/evanblasband/Documents/MCUXpressoIDE_11.6.0_8187/workspace/lpc_board_ea_devkit_4088/Debug/liblpc_board_ea_devkit_4088.a(board_sysinit.o)
 .debug_line    0x0000000000002615      0x59a /Users/evanblasband/Documents/MCUXpressoIDE_11.6.0_8187/workspace/lpc_chip_40xx/Debug/liblpc_chip_40xx.a(chip_17xx_40xx.o)
 .debug_line    0x0000000000002baf      0xa97 /Users/evanblasband/Documents/MCUXpressoIDE_11.6.0_8187/workspace/lpc_chip_40xx/Debug/liblpc_chip_40xx.a(clock_17xx_40xx.o)
 .debug_line    0x0000000000003646      0x890 /Users/evanblasband/Documents/MCUXpressoIDE_11.6.0_8187/workspace/lpc_chip_40xx/Debug/liblpc_chip_40xx.a(emc_17xx_40xx.o)
 .debug_line    0x0000000000003ed6      0x2b3 /Users/evanblasband/Documents/MCUXpressoIDE_11.6.0_8187/workspace/lpc_chip_40xx/Debug/liblpc_chip_40xx.a(fpu_init.o)
 .debug_line    0x0000000000004189      0xbd9 /Users/evanblasband/Documents/MCUXpressoIDE_11.6.0_8187/workspace/lpc_chip_40xx/Debug/liblpc_chip_40xx.a(i2c_17xx_40xx.o)
 .debug_line    0x0000000000004d62      0x5a6 /Users/evanblasband/Documents/MCUXpressoIDE_11.6.0_8187/workspace/lpc_chip_40xx/Debug/liblpc_chip_40xx.a(iocon_17xx_40xx.o)
 .debug_line    0x0000000000005308      0x576 /Users/evanblasband/Documents/MCUXpressoIDE_11.6.0_8187/workspace/lpc_chip_40xx/Debug/liblpc_chip_40xx.a(sysctl_17xx_40xx.o)
 .debug_line    0x000000000000587e      0x699 /Users/evanblasband/Documents/MCUXpressoIDE_11.6.0_8187/workspace/lpc_chip_40xx/Debug/liblpc_chip_40xx.a(sysinit_17xx_40xx.o)

.debug_str      0x0000000000000000    0x1af4b
 .debug_str     0x0000000000000000     0x2f12 ./example/src/cr_startup_lpc40xx.o
                                       0x2f25 (size before relaxing)
 .debug_str     0x0000000000002f12    0x14fe4 ./example/src/i2c.o
                                      0x17e2d (size before relaxing)
 .debug_str     0x0000000000017ef6       0x2b ./example/src/sysinit.o
                                      0x1765e (size before relaxing)
 .debug_str     0x0000000000017f21     0x1648 /Users/evanblasband/Documents/MCUXpressoIDE_11.6.0_8187/workspace/lpc_board_ea_devkit_4088/Debug/liblpc_board_ea_devkit_4088.a(board.o)
                                      0x18e92 (size before relaxing)
 .debug_str     0x0000000000019569      0x67b /Users/evanblasband/Documents/MCUXpressoIDE_11.6.0_8187/workspace/lpc_board_ea_devkit_4088/Debug/liblpc_board_ea_devkit_4088.a(board_sysinit.o)
                                      0x181b3 (size before relaxing)
 .debug_str     0x0000000000019be4      0x14c /Users/evanblasband/Documents/MCUXpressoIDE_11.6.0_8187/workspace/lpc_chip_40xx/Debug/liblpc_chip_40xx.a(chip_17xx_40xx.o)
                                      0x1701d (size before relaxing)
 .debug_str     0x0000000000019d30      0x631 /Users/evanblasband/Documents/MCUXpressoIDE_11.6.0_8187/workspace/lpc_chip_40xx/Debug/liblpc_chip_40xx.a(clock_17xx_40xx.o)
                                      0x174ae (size before relaxing)
 .debug_str     0x000000000001a361      0x4a5 /Users/evanblasband/Documents/MCUXpressoIDE_11.6.0_8187/workspace/lpc_chip_40xx/Debug/liblpc_chip_40xx.a(emc_17xx_40xx.o)
                                      0x1705c (size before relaxing)
 .debug_str     0x000000000001a806       0xb5 /Users/evanblasband/Documents/MCUXpressoIDE_11.6.0_8187/workspace/lpc_chip_40xx/Debug/liblpc_chip_40xx.a(fpu_init.o)
                                       0xa0a0 (size before relaxing)
 .debug_str     0x000000000001a8bb      0x4e9 /Users/evanblasband/Documents/MCUXpressoIDE_11.6.0_8187/workspace/lpc_chip_40xx/Debug/liblpc_chip_40xx.a(i2c_17xx_40xx.o)
                                      0x17389 (size before relaxing)
 .debug_str     0x000000000001ada4       0x46 /Users/evanblasband/Documents/MCUXpressoIDE_11.6.0_8187/workspace/lpc_chip_40xx/Debug/liblpc_chip_40xx.a(iocon_17xx_40xx.o)
                                      0x169b4 (size before relaxing)
 .debug_str     0x000000000001adea       0x87 /Users/evanblasband/Documents/MCUXpressoIDE_11.6.0_8187/workspace/lpc_chip_40xx/Debug/liblpc_chip_40xx.a(sysctl_17xx_40xx.o)
                                      0x16da7 (size before relaxing)
 .debug_str     0x000000000001ae71       0xda /Users/evanblasband/Documents/MCUXpressoIDE_11.6.0_8187/workspace/lpc_chip_40xx/Debug/liblpc_chip_40xx.a(sysinit_17xx_40xx.o)
                                      0x16c80 (size before relaxing)

.comment        0x0000000000000000       0x49
 .comment       0x0000000000000000       0x49 ./example/src/cr_startup_lpc40xx.o
                                         0x4a (size before relaxing)
 .comment       0x0000000000000049       0x4a ./example/src/i2c.o
 .comment       0x0000000000000049       0x4a ./example/src/sysinit.o
 .comment       0x0000000000000049       0x4a /Users/evanblasband/Documents/MCUXpressoIDE_11.6.0_8187/workspace/lpc_board_ea_devkit_4088/Debug/liblpc_board_ea_devkit_4088.a(board.o)
 .comment       0x0000000000000049       0x4a /Users/evanblasband/Documents/MCUXpressoIDE_11.6.0_8187/workspace/lpc_board_ea_devkit_4088/Debug/liblpc_board_ea_devkit_4088.a(board_sysinit.o)
 .comment       0x0000000000000049       0x4a /Users/evanblasband/Documents/MCUXpressoIDE_11.6.0_8187/workspace/lpc_chip_40xx/Debug/liblpc_chip_40xx.a(chip_17xx_40xx.o)
 .comment       0x0000000000000049       0x4a /Users/evanblasband/Documents/MCUXpressoIDE_11.6.0_8187/workspace/lpc_chip_40xx/Debug/liblpc_chip_40xx.a(clock_17xx_40xx.o)
 .comment       0x0000000000000049       0x4a /Users/evanblasband/Documents/MCUXpressoIDE_11.6.0_8187/workspace/lpc_chip_40xx/Debug/liblpc_chip_40xx.a(emc_17xx_40xx.o)
 .comment       0x0000000000000049       0x4a /Users/evanblasband/Documents/MCUXpressoIDE_11.6.0_8187/workspace/lpc_chip_40xx/Debug/liblpc_chip_40xx.a(fpu_init.o)
 .comment       0x0000000000000049       0x4a /Users/evanblasband/Documents/MCUXpressoIDE_11.6.0_8187/workspace/lpc_chip_40xx/Debug/liblpc_chip_40xx.a(i2c_17xx_40xx.o)
 .comment       0x0000000000000049       0x4a /Users/evanblasband/Documents/MCUXpressoIDE_11.6.0_8187/workspace/lpc_chip_40xx/Debug/liblpc_chip_40xx.a(iocon_17xx_40xx.o)
 .comment       0x0000000000000049       0x4a /Users/evanblasband/Documents/MCUXpressoIDE_11.6.0_8187/workspace/lpc_chip_40xx/Debug/liblpc_chip_40xx.a(sysctl_17xx_40xx.o)
 .comment       0x0000000000000049       0x4a /Users/evanblasband/Documents/MCUXpressoIDE_11.6.0_8187/workspace/lpc_chip_40xx/Debug/liblpc_chip_40xx.a(sysinit_17xx_40xx.o)
 .comment       0x0000000000000049       0x4a /Applications/MCUXpressoIDE_11.6.0_8187/ide/plugins/com.nxp.mcuxpresso.tools.macosx_11.6.0.202112161359/tools/bin/../lib/gcc/arm-none-eabi/10.3.1/../../../../arm-none-eabi/lib/thumb/v7e-m+fp/softfp/libcr_semihost.a(_cr__main.o)
 .comment       0x0000000000000049       0x4a /Applications/MCUXpressoIDE_11.6.0_8187/ide/plugins/com.nxp.mcuxpresso.tools.macosx_11.6.0.202112161359/tools/bin/../lib/gcc/arm-none-eabi/10.3.1/../../../../arm-none-eabi/lib/thumb/v7e-m+fp/softfp/libcr_c.a(memcpy.o)
 .comment       0x0000000000000049       0x4a /Applications/MCUXpressoIDE_11.6.0_8187/ide/plugins/com.nxp.mcuxpresso.tools.macosx_11.6.0.202112161359/tools/bin/../lib/gcc/arm-none-eabi/10.3.1/../../../../arm-none-eabi/lib/thumb/v7e-m+fp/softfp/libcr_c.a(fpprintf.o)
 .comment       0x0000000000000049       0x4a /Applications/MCUXpressoIDE_11.6.0_8187/ide/plugins/com.nxp.mcuxpresso.tools.macosx_11.6.0.202112161359/tools/bin/../lib/gcc/arm-none-eabi/10.3.1/../../../../arm-none-eabi/lib/thumb/v7e-m+fp/softfp/libcr_c.a(initio.o)
 .comment       0x0000000000000049       0x4a /Applications/MCUXpressoIDE_11.6.0_8187/ide/plugins/com.nxp.mcuxpresso.tools.macosx_11.6.0.202112161359/tools/bin/../lib/gcc/arm-none-eabi/10.3.1/../../../../arm-none-eabi/lib/thumb/v7e-m+fp/softfp/libcr_c.a(printf.o)
 .comment       0x0000000000000049       0x4a /Applications/MCUXpressoIDE_11.6.0_8187/ide/plugins/com.nxp.mcuxpresso.tools.macosx_11.6.0.202112161359/tools/bin/../lib/gcc/arm-none-eabi/10.3.1/../../../../arm-none-eabi/lib/thumb/v7e-m+fp/softfp/libcr_c.a(setvbuf.o)
 .comment       0x0000000000000049       0x4a /Applications/MCUXpressoIDE_11.6.0_8187/ide/plugins/com.nxp.mcuxpresso.tools.macosx_11.6.0.202112161359/tools/bin/../lib/gcc/arm-none-eabi/10.3.1/../../../../arm-none-eabi/lib/thumb/v7e-m+fp/softfp/libcr_c.a(strlen.o)
 .comment       0x0000000000000049       0x4a /Applications/MCUXpressoIDE_11.6.0_8187/ide/plugins/com.nxp.mcuxpresso.tools.macosx_11.6.0.202112161359/tools/bin/../lib/gcc/arm-none-eabi/10.3.1/../../../../arm-none-eabi/lib/thumb/v7e-m+fp/softfp/libcr_c.a(memset.o)
 .comment       0x0000000000000049       0x4a /Applications/MCUXpressoIDE_11.6.0_8187/ide/plugins/com.nxp.mcuxpresso.tools.macosx_11.6.0.202112161359/tools/bin/../lib/gcc/arm-none-eabi/10.3.1/../../../../arm-none-eabi/lib/thumb/v7e-m+fp/softfp/libcr_c.a(_deferredlazyseek.o)
 .comment       0x0000000000000049       0x4a /Applications/MCUXpressoIDE_11.6.0_8187/ide/plugins/com.nxp.mcuxpresso.tools.macosx_11.6.0.202112161359/tools/bin/../lib/gcc/arm-none-eabi/10.3.1/../../../../arm-none-eabi/lib/thumb/v7e-m+fp/softfp/libcr_c.a(_fdopen.o)
 .comment       0x0000000000000049       0x4a /Applications/MCUXpressoIDE_11.6.0_8187/ide/plugins/com.nxp.mcuxpresso.tools.macosx_11.6.0.202112161359/tools/bin/../lib/gcc/arm-none-eabi/10.3.1/../../../../arm-none-eabi/lib/thumb/v7e-m+fp/softfp/libcr_c.a(_fflush.o)
 .comment       0x0000000000000049       0x4a /Applications/MCUXpressoIDE_11.6.0_8187/ide/plugins/com.nxp.mcuxpresso.tools.macosx_11.6.0.202112161359/tools/bin/../lib/gcc/arm-none-eabi/10.3.1/../../../../arm-none-eabi/lib/thumb/v7e-m+fp/softfp/libcr_c.a(_frexpl.o)
 .comment       0x0000000000000049       0x4a /Applications/MCUXpressoIDE_11.6.0_8187/ide/plugins/com.nxp.mcuxpresso.tools.macosx_11.6.0.202112161359/tools/bin/../lib/gcc/arm-none-eabi/10.3.1/../../../../arm-none-eabi/lib/thumb/v7e-m+fp/softfp/libcr_c.a(_ldexpl.o)
 .comment       0x0000000000000049       0x4a /Applications/MCUXpressoIDE_11.6.0_8187/ide/plugins/com.nxp.mcuxpresso.tools.macosx_11.6.0.202112161359/tools/bin/../lib/gcc/arm-none-eabi/10.3.1/../../../../arm-none-eabi/lib/thumb/v7e-m+fp/softfp/libcr_c.a(_writebuf.o)
 .comment       0x0000000000000049       0x4a /Applications/MCUXpressoIDE_11.6.0_8187/ide/plugins/com.nxp.mcuxpresso.tools.macosx_11.6.0.202112161359/tools/bin/../lib/gcc/arm-none-eabi/10.3.1/../../../../arm-none-eabi/lib/thumb/v7e-m+fp/softfp/libcr_c.a(alloc.o)
 .comment       0x0000000000000049       0x4a /Applications/MCUXpressoIDE_11.6.0_8187/ide/plugins/com.nxp.mcuxpresso.tools.macosx_11.6.0.202112161359/tools/bin/../lib/gcc/arm-none-eabi/10.3.1/../../../../arm-none-eabi/lib/thumb/v7e-m+fp/softfp/libcr_c.a(errno.o)
 .comment       0x0000000000000049       0x4a /Applications/MCUXpressoIDE_11.6.0_8187/ide/plugins/com.nxp.mcuxpresso.tools.macosx_11.6.0.202112161359/tools/bin/../lib/gcc/arm-none-eabi/10.3.1/../../../../arm-none-eabi/lib/thumb/v7e-m+fp/softfp/libcr_c.a(fclose.o)
 .comment       0x0000000000000049       0x4a /Applications/MCUXpressoIDE_11.6.0_8187/ide/plugins/com.nxp.mcuxpresso.tools.macosx_11.6.0.202112161359/tools/bin/../lib/gcc/arm-none-eabi/10.3.1/../../../../arm-none-eabi/lib/thumb/v7e-m+fp/softfp/libcr_c.a(fflush.o)
 .comment       0x0000000000000049       0x4a /Applications/MCUXpressoIDE_11.6.0_8187/ide/plugins/com.nxp.mcuxpresso.tools.macosx_11.6.0.202112161359/tools/bin/../lib/gcc/arm-none-eabi/10.3.1/../../../../arm-none-eabi/lib/thumb/v7e-m+fp/softfp/libcr_c.a(fseek.o)
 .comment       0x0000000000000049       0x4a /Applications/MCUXpressoIDE_11.6.0_8187/ide/plugins/com.nxp.mcuxpresso.tools.macosx_11.6.0.202112161359/tools/bin/../lib/gcc/arm-none-eabi/10.3.1/../../../../arm-none-eabi/lib/thumb/v7e-m+fp/softfp/libcr_c.a(ftell.o)
 .comment       0x0000000000000049       0x4a /Applications/MCUXpressoIDE_11.6.0_8187/ide/plugins/com.nxp.mcuxpresso.tools.macosx_11.6.0.202112161359/tools/bin/../lib/gcc/arm-none-eabi/10.3.1/../../../../arm-none-eabi/lib/thumb/v7e-m+fp/softfp/libcr_c.a(remove.o)
 .comment       0x0000000000000049       0x4a /Applications/MCUXpressoIDE_11.6.0_8187/ide/plugins/com.nxp.mcuxpresso.tools.macosx_11.6.0.202112161359/tools/bin/../lib/gcc/arm-none-eabi/10.3.1/../../../../arm-none-eabi/lib/thumb/v7e-m+fp/softfp/libcr_c.a(__init_alloc.o)
 .comment       0x0000000000000049       0x4a /Applications/MCUXpressoIDE_11.6.0_8187/ide/plugins/com.nxp.mcuxpresso.tools.macosx_11.6.0.202112161359/tools/bin/../lib/gcc/arm-none-eabi/10.3.1/../../../../arm-none-eabi/lib/thumb/v7e-m+fp/softfp/libcr_c.a(_cr_sbrk.o)
 .comment       0x0000000000000049       0x4a /Applications/MCUXpressoIDE_11.6.0_8187/ide/plugins/com.nxp.mcuxpresso.tools.macosx_11.6.0.202112161359/tools/bin/../lib/gcc/arm-none-eabi/10.3.1/../../../../arm-none-eabi/lib/thumb/v7e-m+fp/softfp/libcr_c.a(_do_fflush.o)
 .comment       0x0000000000000049       0x4a /Applications/MCUXpressoIDE_11.6.0_8187/ide/plugins/com.nxp.mcuxpresso.tools.macosx_11.6.0.202112161359/tools/bin/../lib/gcc/arm-none-eabi/10.3.1/../../../../arm-none-eabi/lib/thumb/v7e-m+fp/softfp/libcr_c.a(_cr_check_heap.o)
 .comment       0x0000000000000049       0x4a /Applications/MCUXpressoIDE_11.6.0_8187/ide/plugins/com.nxp.mcuxpresso.tools.macosx_11.6.0.202112161359/tools/bin/../lib/gcc/arm-none-eabi/10.3.1/thumb/v7e-m+fp/softfp/libcr_eabihelpers.a(double.o)
 .comment       0x0000000000000049       0x4a /Applications/MCUXpressoIDE_11.6.0_8187/ide/plugins/com.nxp.mcuxpresso.tools.macosx_11.6.0.202112161359/tools/bin/../lib/gcc/arm-none-eabi/10.3.1/../../../../arm-none-eabi/lib/thumb/v7e-m+fp/softfp/libcr_semihost.a(__ciob.o)

.ARM.attributes
                0x0000000000000000       0x30
 .ARM.attributes
                0x0000000000000000       0x32 ./example/src/cr_startup_lpc40xx.o
 .ARM.attributes
                0x0000000000000032       0x32 ./example/src/i2c.o
 .ARM.attributes
                0x0000000000000064       0x32 ./example/src/sysinit.o
 .ARM.attributes
                0x0000000000000096       0x32 /Users/evanblasband/Documents/MCUXpressoIDE_11.6.0_8187/workspace/lpc_board_ea_devkit_4088/Debug/liblpc_board_ea_devkit_4088.a(board.o)
 .ARM.attributes
                0x00000000000000c8       0x32 /Users/evanblasband/Documents/MCUXpressoIDE_11.6.0_8187/workspace/lpc_board_ea_devkit_4088/Debug/liblpc_board_ea_devkit_4088.a(board_sysinit.o)
 .ARM.attributes
                0x00000000000000fa       0x32 /Users/evanblasband/Documents/MCUXpressoIDE_11.6.0_8187/workspace/lpc_chip_40xx/Debug/liblpc_chip_40xx.a(chip_17xx_40xx.o)
 .ARM.attributes
                0x000000000000012c       0x32 /Users/evanblasband/Documents/MCUXpressoIDE_11.6.0_8187/workspace/lpc_chip_40xx/Debug/liblpc_chip_40xx.a(clock_17xx_40xx.o)
 .ARM.attributes
                0x000000000000015e       0x32 /Users/evanblasband/Documents/MCUXpressoIDE_11.6.0_8187/workspace/lpc_chip_40xx/Debug/liblpc_chip_40xx.a(emc_17xx_40xx.o)
 .ARM.attributes
                0x0000000000000190       0x32 /Users/evanblasband/Documents/MCUXpressoIDE_11.6.0_8187/workspace/lpc_chip_40xx/Debug/liblpc_chip_40xx.a(fpu_init.o)
 .ARM.attributes
                0x00000000000001c2       0x32 /Users/evanblasband/Documents/MCUXpressoIDE_11.6.0_8187/workspace/lpc_chip_40xx/Debug/liblpc_chip_40xx.a(i2c_17xx_40xx.o)
 .ARM.attributes
                0x00000000000001f4       0x32 /Users/evanblasband/Documents/MCUXpressoIDE_11.6.0_8187/workspace/lpc_chip_40xx/Debug/liblpc_chip_40xx.a(iocon_17xx_40xx.o)
 .ARM.attributes
                0x0000000000000226       0x32 /Users/evanblasband/Documents/MCUXpressoIDE_11.6.0_8187/workspace/lpc_chip_40xx/Debug/liblpc_chip_40xx.a(sysctl_17xx_40xx.o)
 .ARM.attributes
                0x0000000000000258       0x32 /Users/evanblasband/Documents/MCUXpressoIDE_11.6.0_8187/workspace/lpc_chip_40xx/Debug/liblpc_chip_40xx.a(sysinit_17xx_40xx.o)
 .ARM.attributes
                0x000000000000028a       0x32 /Applications/MCUXpressoIDE_11.6.0_8187/ide/plugins/com.nxp.mcuxpresso.tools.macosx_11.6.0.202112161359/tools/bin/../lib/gcc/arm-none-eabi/10.3.1/../../../../arm-none-eabi/lib/thumb/v7e-m+fp/softfp/libcr_semihost.a(_cr__main.o)
 .ARM.attributes
                0x00000000000002bc       0x32 /Applications/MCUXpressoIDE_11.6.0_8187/ide/plugins/com.nxp.mcuxpresso.tools.macosx_11.6.0.202112161359/tools/bin/../lib/gcc/arm-none-eabi/10.3.1/../../../../arm-none-eabi/lib/thumb/v7e-m+fp/softfp/libcr_c.a(memcpy.o)
 .ARM.attributes
                0x00000000000002ee       0x32 /Applications/MCUXpressoIDE_11.6.0_8187/ide/plugins/com.nxp.mcuxpresso.tools.macosx_11.6.0.202112161359/tools/bin/../lib/gcc/arm-none-eabi/10.3.1/../../../../arm-none-eabi/lib/thumb/v7e-m+fp/softfp/libcr_c.a(fpprintf.o)
 .ARM.attributes
                0x0000000000000320       0x32 /Applications/MCUXpressoIDE_11.6.0_8187/ide/plugins/com.nxp.mcuxpresso.tools.macosx_11.6.0.202112161359/tools/bin/../lib/gcc/arm-none-eabi/10.3.1/../../../../arm-none-eabi/lib/thumb/v7e-m+fp/softfp/libcr_c.a(initio.o)
 .ARM.attributes
                0x0000000000000352       0x32 /Applications/MCUXpressoIDE_11.6.0_8187/ide/plugins/com.nxp.mcuxpresso.tools.macosx_11.6.0.202112161359/tools/bin/../lib/gcc/arm-none-eabi/10.3.1/../../../../arm-none-eabi/lib/thumb/v7e-m+fp/softfp/libcr_c.a(printf.o)
 .ARM.attributes
                0x0000000000000384       0x32 /Applications/MCUXpressoIDE_11.6.0_8187/ide/plugins/com.nxp.mcuxpresso.tools.macosx_11.6.0.202112161359/tools/bin/../lib/gcc/arm-none-eabi/10.3.1/../../../../arm-none-eabi/lib/thumb/v7e-m+fp/softfp/libcr_c.a(setvbuf.o)
 .ARM.attributes
                0x00000000000003b6       0x32 /Applications/MCUXpressoIDE_11.6.0_8187/ide/plugins/com.nxp.mcuxpresso.tools.macosx_11.6.0.202112161359/tools/bin/../lib/gcc/arm-none-eabi/10.3.1/../../../../arm-none-eabi/lib/thumb/v7e-m+fp/softfp/libcr_c.a(strlen.o)
 .ARM.attributes
                0x00000000000003e8       0x32 /Applications/MCUXpressoIDE_11.6.0_8187/ide/plugins/com.nxp.mcuxpresso.tools.macosx_11.6.0.202112161359/tools/bin/../lib/gcc/arm-none-eabi/10.3.1/../../../../arm-none-eabi/lib/thumb/v7e-m+fp/softfp/libcr_c.a(memset.o)
 .ARM.attributes
                0x000000000000041a       0x32 /Applications/MCUXpressoIDE_11.6.0_8187/ide/plugins/com.nxp.mcuxpresso.tools.macosx_11.6.0.202112161359/tools/bin/../lib/gcc/arm-none-eabi/10.3.1/../../../../arm-none-eabi/lib/thumb/v7e-m+fp/softfp/libcr_c.a(_deferredlazyseek.o)
 .ARM.attributes
                0x000000000000044c       0x32 /Applications/MCUXpressoIDE_11.6.0_8187/ide/plugins/com.nxp.mcuxpresso.tools.macosx_11.6.0.202112161359/tools/bin/../lib/gcc/arm-none-eabi/10.3.1/../../../../arm-none-eabi/lib/thumb/v7e-m+fp/softfp/libcr_c.a(_fdopen.o)
 .ARM.attributes
                0x000000000000047e       0x32 /Applications/MCUXpressoIDE_11.6.0_8187/ide/plugins/com.nxp.mcuxpresso.tools.macosx_11.6.0.202112161359/tools/bin/../lib/gcc/arm-none-eabi/10.3.1/../../../../arm-none-eabi/lib/thumb/v7e-m+fp/softfp/libcr_c.a(_fflush.o)
 .ARM.attributes
                0x00000000000004b0       0x32 /Applications/MCUXpressoIDE_11.6.0_8187/ide/plugins/com.nxp.mcuxpresso.tools.macosx_11.6.0.202112161359/tools/bin/../lib/gcc/arm-none-eabi/10.3.1/../../../../arm-none-eabi/lib/thumb/v7e-m+fp/softfp/libcr_c.a(_frexpl.o)
 .ARM.attributes
                0x00000000000004e2       0x32 /Applications/MCUXpressoIDE_11.6.0_8187/ide/plugins/com.nxp.mcuxpresso.tools.macosx_11.6.0.202112161359/tools/bin/../lib/gcc/arm-none-eabi/10.3.1/../../../../arm-none-eabi/lib/thumb/v7e-m+fp/softfp/libcr_c.a(_ldexpl.o)
 .ARM.attributes
                0x0000000000000514       0x32 /Applications/MCUXpressoIDE_11.6.0_8187/ide/plugins/com.nxp.mcuxpresso.tools.macosx_11.6.0.202112161359/tools/bin/../lib/gcc/arm-none-eabi/10.3.1/../../../../arm-none-eabi/lib/thumb/v7e-m+fp/softfp/libcr_c.a(_writebuf.o)
 .ARM.attributes
                0x0000000000000546       0x32 /Applications/MCUXpressoIDE_11.6.0_8187/ide/plugins/com.nxp.mcuxpresso.tools.macosx_11.6.0.202112161359/tools/bin/../lib/gcc/arm-none-eabi/10.3.1/../../../../arm-none-eabi/lib/thumb/v7e-m+fp/softfp/libcr_c.a(alloc.o)
 .ARM.attributes
                0x0000000000000578       0x32 /Applications/MCUXpressoIDE_11.6.0_8187/ide/plugins/com.nxp.mcuxpresso.tools.macosx_11.6.0.202112161359/tools/bin/../lib/gcc/arm-none-eabi/10.3.1/../../../../arm-none-eabi/lib/thumb/v7e-m+fp/softfp/libcr_c.a(errno.o)
 .ARM.attributes
                0x00000000000005aa       0x32 /Applications/MCUXpressoIDE_11.6.0_8187/ide/plugins/com.nxp.mcuxpresso.tools.macosx_11.6.0.202112161359/tools/bin/../lib/gcc/arm-none-eabi/10.3.1/../../../../arm-none-eabi/lib/thumb/v7e-m+fp/softfp/libcr_c.a(fclose.o)
 .ARM.attributes