/Users/evanblasband/Documents/MCUXpressoIDE_11.6.0_8187/workspace/lpc_chip_40xx/inc/core_cm4.h:1467:22:NVIC_EnableIRQ	16	static
/Users/evanblasband/Documents/MCUXpressoIDE_11.6.0_8187/workspace/lpc_chip_40xx/inc/core_cm4.h:1480:22:NVIC_DisableIRQ	16	static
../example/src/kinetic_mirror.c:97:6:print_menu	8	static
../example/src/kinetic_mirror.c:157:13:i2c_state_handling	16	static
../example/src/kinetic_mirror.c:167:13:i2c_set_mode	16	static
../example/src/kinetic_mirror.c:181:13:i2c_app_init	16	static
../example/src/kinetic_mirror.c:193:13:i2c_read_setup	24	static
../example/src/kinetic_mirror.c:213:6:SysTick_Handler	4	static
../example/src/kinetic_mirror.c:221:6:I2C1_IRQHandler	8	static
../example/src/kinetic_mirror.c:230:6:I2C0_IRQHandler	8	static
../example/src/kinetic_mirror.c:239:5:main	24	static
